DEBUG    tzlocal:unix.py:61 /etc/timezone found, contents:
 America/Chicago

DEBUG    tzlocal:unix.py:120 /etc/localtime found
DEBUG    tzlocal:unix.py:136 2 found:
 {'/etc/timezone': 'America/Chicago', '/etc/localtime is a symlink to': 'America/Chicago'}
DEBUG    asyncio:selector_events.py:64 Using selector: EpollSelector
INFO     httpx:_client.py:1025 HTTP Request: GET http://testserver/api/strategy/summary "HTTP/1.1 200 OK"
DEBUG    asyncio:selector_events.py:64 Using selector: EpollSelector
INFO     httpx:_client.py:1025 HTTP Request: GET http://testserver/api/strategy/summary "HTTP/1.1 200 OK"
DEBUG    asyncio:selector_events.py:64 Using selector: EpollSelector
INFO     httpx:_client.py:1025 HTTP Request: GET http://testserver/api/strategy/current "HTTP/1.1 200 OK"
DEBUG    asyncio:selector_events.py:64 Using selector: EpollSelector
INFO     httpx:_client.py:1025 HTTP Request: GET http://testserver/api/strategy/current "HTTP/1.1 200 OK"
DEBUG    asyncio:selector_events.py:64 Using selector: EpollSelector
INFO     httpx:_client.py:1025 HTTP Request: GET http://testserver/api/strategy/history "HTTP/1.1 200 OK"
DEBUG    asyncio:selector_events.py:64 Using selector: EpollSelector
INFO     httpx:_client.py:1025 HTTP Request: GET http://testserver/api/strategy/history?limit=5 "HTTP/1.1 200 OK"
DEBUG    asyncio:selector_events.py:64 Using selector: EpollSelector
INFO     httpx:_client.py:1025 HTTP Request: GET http://testserver/api/strategy/history?symbol=BTC/USD "HTTP/1.1 200 OK"
DEBUG    asyncio:selector_events.py:64 Using selector: EpollSelector
INFO     httpx:_client.py:1025 HTTP Request: GET http://testserver/api/strategy/history?limit=invalid "HTTP/1.1 400 Bad Request"
DEBUG    asyncio:selector_events.py:64 Using selector: EpollSelector
INFO     httpx:_client.py:1025 HTTP Request: GET http://testserver/api/strategy/history?limit=5000 "HTTP/1.1 200 OK"
DEBUG    asyncio:selector_events.py:64 Using selector: EpollSelector
INFO     httpx:_client.py:1025 HTTP Request: GET http://testserver/api/strategy/performance "HTTP/1.1 200 OK"
DEBUG    asyncio:selector_events.py:64 Using selector: EpollSelector
INFO     httpx:_client.py:1025 HTTP Request: GET http://testserver/api/strategy/performance?lookback_days=30 "HTTP/1.1 200 OK"
DEBUG    asyncio:selector_events.py:64 Using selector: EpollSelector
INFO     httpx:_client.py:1025 HTTP Request: GET http://testserver/api/strategy/performance?lookback_days=invalid "HTTP/1.1 400 Bad Request"
DEBUG    asyncio:selector_events.py:64 Using selector: EpollSelector
INFO     httpx:_client.py:1025 HTTP Request: GET http://testserver/api/strategy/performance?lookback_days=365 "HTTP/1.1 200 OK"
DEBUG    asyncio:selector_events.py:64 Using selector: EpollSelector
INFO     httpx:_client.py:1025 HTTP Request: GET http://testserver/api/strategy/performance/technical "HTTP/1.1 200 OK"
DEBUG    asyncio:selector_events.py:64 Using selector: EpollSelector
INFO     httpx:_client.py:1025 HTTP Request: GET http://testserver/api/strategy/performance/nonexistent "HTTP/1.1 404 Not Found"
DEBUG    asyncio:selector_events.py:64 Using selector: EpollSelector
INFO     httpx:_client.py:1025 HTTP Request: GET http://testserver/api/strategy/correlation "HTTP/1.1 200 OK"
DEBUG    asyncio:selector_events.py:64 Using selector: EpollSelector
INFO     httpx:_client.py:1025 HTTP Request: GET http://testserver/api/strategy/correlation "HTTP/1.1 200 OK"
DEBUG    asyncio:selector_events.py:64 Using selector: EpollSelector
INFO     httpx:_client.py:1025 HTTP Request: GET http://testserver/api/strategy/signals/latest "HTTP/1.1 200 OK"
DEBUG    asyncio:selector_events.py:64 Using selector: EpollSelector
INFO     httpx:_client.py:1025 HTTP Request: GET http://testserver/api/strategy/signals/latest "HTTP/1.1 404 Not Found"
DEBUG    asyncio:selector_events.py:64 Using selector: EpollSelector
ERROR    root:dashboard.py:613 [API] Error in get_strategy_summary: Simulated error
INFO     httpx:_client.py:1025 HTTP Request: GET http://testserver/api/strategy/summary "HTTP/1.1 500 Internal Server Error"
DEBUG    asyncio:selector_events.py:64 Using selector: EpollSelector
ERROR    root:dashboard.py:460 [API] Error in get_current_signals: Simulated error
INFO     httpx:_client.py:1025 HTTP Request: GET http://testserver/api/strategy/current "HTTP/1.1 500 Internal Server Error"
DEBUG    asyncio:selector_events.py:64 Using selector: EpollSelector
ERROR    root:dashboard.py:487 [API] Error in get_signal_history: Simulated error
INFO     httpx:_client.py:1025 HTTP Request: GET http://testserver/api/strategy/history "HTTP/1.1 500 Internal Server Error"
DEBUG    asyncio:selector_events.py:64 Using selector: EpollSelector
ERROR    root:dashboard.py:513 [API] Error in get_strategy_performance: Simulated error
INFO     httpx:_client.py:1025 HTTP Request: GET http://testserver/api/strategy/performance "HTTP/1.1 500 Internal Server Error"
DEBUG    asyncio:selector_events.py:64 Using selector: EpollSelector
ERROR    root:dashboard.py:545 [API] Error in get_single_strategy_performance: Simulated error
INFO     httpx:_client.py:1025 HTTP Request: GET http://testserver/api/strategy/performance/technical "HTTP/1.1 500 Internal Server Error"
DEBUG    asyncio:selector_events.py:64 Using selector: EpollSelector
ERROR    root:dashboard.py:571 [API] Error in get_strategy_correlation: Simulated error
INFO     httpx:_client.py:1025 HTTP Request: GET http://testserver/api/strategy/correlation "HTTP/1.1 500 Internal Server Error"
DEBUG    asyncio:selector_events.py:64 Using selector: EpollSelector
ERROR    root:dashboard.py:637 [API] Error in get_latest_signal: Simulated error
INFO     httpx:_client.py:1025 HTTP Request: GET http://testserver/api/strategy/signals/latest "HTTP/1.1 500 Internal Server Error"
DEBUG    asyncio:selector_events.py:64 Using selector: EpollSelector
INFO     httpx:_client.py:1025 HTTP Request: GET http://testserver/api/strategy/summary "HTTP/1.1 200 OK"
DEBUG    asyncio:selector_events.py:64 Using selector: EpollSelector
INFO     httpx:_client.py:1025 HTTP Request: GET http://testserver/api/strategy/current "HTTP/1.1 200 OK"
DEBUG    asyncio:selector_events.py:64 Using selector: EpollSelector
INFO     httpx:_client.py:1025 HTTP Request: GET http://testserver/api/strategy/history "HTTP/1.1 200 OK"
DEBUG    asyncio:selector_events.py:64 Using selector: EpollSelector
INFO     httpx:_client.py:1025 HTTP Request: GET http://testserver/api/strategy/performance "HTTP/1.1 200 OK"
DEBUG    asyncio:selector_events.py:64 Using selector: EpollSelector
INFO     httpx:_client.py:1025 HTTP Request: GET http://testserver/api/strategy/performance/technical "HTTP/1.1 200 OK"
DEBUG    asyncio:selector_events.py:64 Using selector: EpollSelector
INFO     httpx:_client.py:1025 HTTP Request: GET http://testserver/api/strategy/correlation "HTTP/1.1 200 OK"
DEBUG    asyncio:selector_events.py:64 Using selector: EpollSelector
INFO     httpx:_client.py:1025 HTTP Request: GET http://testserver/api/strategy/signals/latest "HTTP/1.1 200 OK"
DEBUG    asyncio:selector_events.py:64 Using selector: EpollSelector
INFO     httpx:_client.py:1025 HTTP Request: GET http://testserver/api/config "HTTP/1.1 200 OK"
DEBUG    asyncio:selector_events.py:64 Using selector: EpollSelector
INFO     httpx:_client.py:1025 HTTP Request: GET http://testserver/api/config "HTTP/1.1 200 OK"
DEBUG    asyncio:selector_events.py:64 Using selector: EpollSelector
INFO     httpx:_client.py:1025 HTTP Request: GET http://testserver/api/config "HTTP/1.1 200 OK"
DEBUG    asyncio:selector_events.py:64 Using selector: EpollSelector
INFO     httpx:_client.py:1025 HTTP Request: GET http://testserver/api/config "HTTP/1.1 200 OK"
DEBUG    asyncio:selector_events.py:64 Using selector: EpollSelector
INFO     httpx:_client.py:1025 HTTP Request: GET http://testserver/api/config "HTTP/1.1 200 OK"
DEBUG    asyncio:selector_events.py:64 Using selector: EpollSelector
INFO     root:dashboard.py:1014 [Config] Updated configuration: ['strategies']
INFO     httpx:_client.py:1025 HTTP Request: POST http://testserver/api/config "HTTP/1.1 200 OK"
DEBUG    asyncio:selector_events.py:64 Using selector: EpollSelector
INFO     root:dashboard.py:1014 [Config] Updated configuration: ['aggregation']
INFO     httpx:_client.py:1025 HTTP Request: POST http://testserver/api/config "HTTP/1.1 200 OK"
DEBUG    asyncio:selector_events.py:64 Using selector: EpollSelector
INFO     root:dashboard.py:1014 [Config] Updated configuration: ['risk_management']
INFO     httpx:_client.py:1025 HTTP Request: POST http://testserver/api/config "HTTP/1.1 200 OK"
DEBUG    asyncio:selector_events.py:64 Using selector: EpollSelector
INFO     httpx:_client.py:1025 HTTP Request: POST http://testserver/api/config "HTTP/1.1 400 Bad Request"
DEBUG    asyncio:selector_events.py:64 Using selector: EpollSelector
INFO     root:dashboard.py:1014 [Config] Updated configuration: ['trading_mode']
INFO     httpx:_client.py:1025 HTTP Request: POST http://testserver/api/config "HTTP/1.1 200 OK"
DEBUG    asyncio:selector_events.py:64 Using selector: EpollSelector
INFO     root:dashboard.py:1014 [Config] Updated configuration: ['trading_mode']
INFO     httpx:_client.py:1025 HTTP Request: POST http://testserver/api/config "HTTP/1.1 200 OK"
DEBUG    asyncio:selector_events.py:64 Using selector: EpollSelector
INFO     root:dashboard.py:1014 [Config] Updated configuration: ['strategies']
INFO     httpx:_client.py:1025 HTTP Request: POST http://testserver/api/config "HTTP/1.1 200 OK"
DEBUG    asyncio:selector_events.py:64 Using selector: EpollSelector
INFO     root:dashboard.py:1014 [Config] Updated configuration: ['aggregation']
INFO     httpx:_client.py:1025 HTTP Request: POST http://testserver/api/config "HTTP/1.1 200 OK"
DEBUG    asyncio:selector_events.py:64 Using selector: EpollSelector
INFO     httpx:_client.py:1025 HTTP Request: GET http://testserver/api/config "HTTP/1.1 200 OK"
DEBUG    asyncio:selector_events.py:64 Using selector: EpollSelector
INFO     httpx:_client.py:1025 HTTP Request: GET http://testserver/ "HTTP/1.1 200 OK"
DEBUG    asyncio:selector_events.py:64 Using selector: EpollSelector
INFO     httpx:_client.py:1025 HTTP Request: GET http://testserver/ "HTTP/1.1 200 OK"
DEBUG    asyncio:selector_events.py:64 Using selector: EpollSelector
INFO     httpx:_client.py:1025 HTTP Request: GET http://testserver/partial "HTTP/1.1 200 OK"
DEBUG    asyncio:selector_events.py:64 Using selector: EpollSelector
INFO     httpx:_client.py:1025 HTTP Request: GET http://testserver/partial "HTTP/1.1 200 OK"
DEBUG    asyncio:selector_events.py:64 Using selector: EpollSelector
INFO     root:dashboard.py:142 [PnL] Labels: ['BTC/USD']
INFO     root:dashboard.py:143 [PnL] Data: [200.0]
INFO     root:dashboard.py:142 [PnL] Labels: ['BTC/USD']
INFO     root:dashboard.py:143 [PnL] Data: [200.0]
INFO     httpx:_client.py:1025 HTTP Request: GET http://testserver/partial "HTTP/1.1 200 OK"
DEBUG    asyncio:selector_events.py:64 Using selector: EpollSelector
INFO     httpx:_client.py:1025 HTTP Request: GET http://testserver/status "HTTP/1.1 200 OK"
DEBUG    asyncio:selector_events.py:64 Using selector: EpollSelector
INFO     httpx:_client.py:1025 HTTP Request: GET http://testserver/status "HTTP/1.1 200 OK"
DEBUG    asyncio:selector_events.py:64 Using selector: EpollSelector
INFO     httpx:_client.py:1025 HTTP Request: GET http://testserver/status "HTTP/1.1 200 OK"
DEBUG    asyncio:selector_events.py:64 Using selector: EpollSelector
INFO     httpx:_client.py:1025 HTTP Request: GET http://testserver/status "HTTP/1.1 200 OK"
INFO     root:dashboard.py:142 [PnL] Labels: ['SOL/USD', 'BTC/USD', 'XRP/USD', 'ETH/USD', 'DOGE/USD', 'LTC/USD', 'UNI/USD', 'LINK/USD', 'ADA/USD', 'SHIB/USD', 'BTCUSD', 'ETHUSD', 'SOLUSD', 'XRPUSD', 'AAVE/USD', 'ATOM/USD', 'DOGEUSD']
INFO     root:dashboard.py:143 [PnL] Data: [0.43, 207.11, 0.0, 34.25, 0.0, -0.08, -0.01, 0.0, 0.0, -0.0, 4.51, 2.84, 1.57, 2.62, 0.0, -0.0, 1.7]
INFO     root:dashboard.py:142 [PnL] Labels: ['SOL/USD', 'BTC/USD', 'XRP/USD', 'ETH/USD', 'DOGE/USD', 'LTC/USD', 'UNI/USD', 'LINK/USD', 'ADA/USD', 'SHIB/USD', 'BTCUSD', 'ETHUSD', 'SOLUSD', 'XRPUSD', 'AAVE/USD', 'ATOM/USD', 'DOGEUSD']
INFO     root:dashboard.py:143 [PnL] Data: [0.43, 207.11, 0.0, 34.25, 0.0, -0.08, -0.01, 0.0, 0.0, -0.0, 4.51, 2.84, 1.57, 2.62, 0.0, -0.0, 1.7]
INFO     root:dashboard.py:142 [PnL] Labels: ['SOL/USD', 'BTC/USD', 'XRP/USD', 'ETH/USD', 'DOGE/USD', 'LTC/USD', 'UNI/USD', 'LINK/USD', 'ADA/USD', 'SHIB/USD', 'BTCUSD', 'ETHUSD', 'SOLUSD', 'XRPUSD', 'AAVE/USD', 'ATOM/USD', 'DOGEUSD']
INFO     root:dashboard.py:143 [PnL] Data: [0.43, 207.11, 0.0, 34.25, 0.0, -0.08, -0.01, 0.0, 0.0, -0.0, 4.51, 2.84, 1.57, 2.62, 0.0, -0.0, 1.7]
INFO     root:dashboard.py:142 [PnL] Labels: ['SOL/USD', 'BTC/USD', 'XRP/USD', 'ETH/USD', 'DOGE/USD', 'LTC/USD', 'UNI/USD', 'LINK/USD', 'ADA/USD', 'SHIB/USD', 'BTCUSD', 'ETHUSD', 'SOLUSD', 'XRPUSD', 'AAVE/USD', 'ATOM/USD', 'DOGEUSD']
INFO     root:dashboard.py:143 [PnL] Data: [0.43, 207.11, 0.0, 34.25, 0.0, -0.08, -0.01, 0.0, 0.0, -0.0, 4.51, 2.84, 1.57, 2.62, 0.0, -0.0, 1.7]
INFO     root:dashboard.py:142 [PnL] Labels: ['BTC/USD']
INFO     root:dashboard.py:143 [PnL] Data: [2000.0]
INFO     root:dashboard.py:142 [PnL] Labels: ['BTC/USD']
INFO     root:dashboard.py:143 [PnL] Data: [-2000.0]
INFO     root:dashboard.py:142 [PnL] Labels: ['BTC/USD', 'ETH/USD']
INFO     root:dashboard.py:143 [PnL] Data: [2000.0, 200.0]
ERROR    root:dashboard.py:33 [Dashboard] Failed to load sentiment.json: Expecting property name enclosed in double quotes: line 1 column 3 (char 2)
DEBUG    asyncio:selector_events.py:64 Using selector: EpollSelector
INFO     root:dashboard.py:142 [PnL] Labels: ['BTC/USD']
INFO     root:dashboard.py:143 [PnL] Data: [200.0]
INFO     root:dashboard.py:142 [PnL] Labels: ['BTC/USD']
INFO     root:dashboard.py:143 [PnL] Data: [200.0]
INFO     httpx:_client.py:1025 HTTP Request: GET http://testserver/partial "HTTP/1.1 200 OK"
DEBUG    asyncio:selector_events.py:64 Using selector: EpollSelector
INFO     root:dashboard.py:142 [PnL] Labels: ['SYM0', 'SYM1', 'SYM2', 'SYM3', 'SYM4', 'SYM5', 'SYM6', 'SYM7', 'SYM8', 'SYM9', 'SYM10', 'SYM11', 'SYM12', 'SYM13', 'SYM14', 'SYM15', 'SYM16', 'SYM17', 'SYM18', 'SYM19', 'SYM20', 'SYM21', 'SYM22', 'SYM23', 'SYM24', 'SYM25', 'SYM26', 'SYM27', 'SYM28', 'SYM29']
INFO     root:dashboard.py:143 [PnL] Data: [0.0, 0.0, 0.0, 0.0, 0.0, 0.0, 0.0, 0.0, 0.0, 0.0, 0.0, 0.0, 0.0, 0.0, 0.0, 0.0, 0.0, 0.0, 0.0, 0.0, 0.0, 0.0, 0.0, 0.0, 0.0, 0.0, 0.0, 0.0, 0.0, 0.0]
INFO     root:dashboard.py:142 [PnL] Labels: ['SYM0', 'SYM1', 'SYM2', 'SYM3', 'SYM4', 'SYM5', 'SYM6', 'SYM7', 'SYM8', 'SYM9', 'SYM10', 'SYM11', 'SYM12', 'SYM13', 'SYM14', 'SYM15', 'SYM16', 'SYM17', 'SYM18', 'SYM19', 'SYM20', 'SYM21', 'SYM22', 'SYM23', 'SYM24', 'SYM25', 'SYM26', 'SYM27', 'SYM28', 'SYM29']
INFO     root:dashboard.py:143 [PnL] Data: [0.0, 0.0, 0.0, 0.0, 0.0, 0.0, 0.0, 0.0, 0.0, 0.0, 0.0, 0.0, 0.0, 0.0, 0.0, 0.0, 0.0, 0.0, 0.0, 0.0, 0.0, 0.0, 0.0, 0.0, 0.0, 0.0, 0.0, 0.0, 0.0, 0.0]
INFO     httpx:_client.py:1025 HTTP Request: GET http://testserver/partial "HTTP/1.1 200 OK"
DEBUG    asyncio:selector_events.py:64 Using selector: EpollSelector
INFO     root:dashboard.py:142 [PnL] Labels: ['BTC/USD']
INFO     root:dashboard.py:143 [PnL] Data: [0.0]
INFO     root:dashboard.py:142 [PnL] Labels: ['BTC/USD']
INFO     root:dashboard.py:143 [PnL] Data: [0.0]
INFO     httpx:_client.py:1025 HTTP Request: GET http://testserver/partial "HTTP/1.1 200 OK"
INFO     root:data_collector.py:73 [DataCollector] Updated 2 symbols
INFO     root:data_collector.py:73 [DataCollector] Updated 1 symbols
INFO     root:data_collector.py:73 [DataCollector] Updated 1 symbols
INFO     root:data_collector.py:73 [DataCollector] Updated 1 symbols
INFO     root:data_collector.py:73 [DataCollector] Updated 1 symbols
INFO     root:data_collector.py:73 [DataCollector] Updated 1 symbols
INFO     root:main.py:86 [TradeCycle] === Starting cycle at 2025-10-21 10:48:32 ===
INFO     root:strategy_manager.py:39 [StrategyManager] Logging to /tmp/pytest-of-rcasteen/pytest-53/test_complete_buy_cycle0/logs/strategy_signals.jsonl
INFO     root:main.py:116 [Scanner] Top 1 symbols: ['BTC/USD']
INFO     root:main.py:117 [News] Retrieved 1 symbol groups with unseen headlines
INFO     root:main.py:147 [BTCUSD] Checking...
INFO     root:main.py:152 [BTCUSD] Current price: 50000.0
INFO     root:main.py:161 [BTCUSD] Current USD balance: 10000.0
INFO     root:risk_manager.py:61 [RiskManager] Position size: 0.000120 @ $50000.00 = $6.00
INFO     root:main.py:165 [BTCUSD] Risk-adjusted position size: 0.00012
INFO     root:strategy_manager.py:133 [sentiment] BTCUSD: BUY (conf: 0.80) - Sentiment: Keyword match (positive): Bitcoin surges to new all-time high
INFO     root:strategy_manager.py:133 [technical] BTCUSD: HOLD (conf: 0.30) - Insufficient price history for technical analysis
INFO     root:strategy_manager.py:133 [volume] BTCUSD: HOLD (conf: 0.00) - No volume data available
INFO     root:strategy_manager.py:245 [StrategyManager] DEBUG: signal=BUY, actionable_weight=1.0, hold_weight=1.8, raw_score=0.8
INFO     root:strategy_manager.py:163 [StrategyManager] Final signal for BTCUSD: BUY (conf: 0.80)
INFO     root:main.py:187 [BTCUSD] Signal: BUY | Reason: BUY signal from 1 strategies: sentiment: Sentiment: Keyword match (positive): Bitcoin surges to new all-time high
INFO     root:main.py:199 [BTCUSD] Trade result: {'timestamp': '2025-10-21T10:48:32.247294', 'action': 'buy', 'symbol': 'BTCUSD', 'price': 50000.0, 'amount': 0.00012, 'gross_value': 6.0, 'fee': 0.02, 'net_value': 6.02, 'reason': 'BUY signal from 1 strategies: sentiment: Sentiment: Keyword match (positive): Bitcoin surges to new all-time high', 'value': 6.02}
INFO     root:notifier.py:14 [ALERT] [BTCUSD] buy @ 50000.0 — BUY signal from 1 strategies: sentiment: Sentiment: Keyword match (positive): Bitcoin surges to new all-time high
INFO     root:main.py:204 [BTCUSD] Notified result.
INFO     root:main.py:209 [BTCUSD] Marked 1 headlines as seen.
INFO     root:main.py:147 [BTC/USD] Checking...
INFO     root:main.py:152 [BTC/USD] Current price: 50000.0
INFO     root:main.py:161 [BTC/USD] Current USD balance: 10000.0
INFO     root:risk_manager.py:61 [RiskManager] Position size: 0.000120 @ $50000.00 = $6.00
INFO     root:main.py:165 [BTC/USD] Risk-adjusted position size: 0.00012
INFO     root:strategy_manager.py:133 [sentiment] BTC/USD: HOLD (conf: 0.00) - No news headlines available
INFO     root:strategy_manager.py:133 [technical] BTC/USD: HOLD (conf: 0.30) - Insufficient price history for technical analysis
INFO     root:strategy_manager.py:133 [volume] BTC/USD: HOLD (conf: 0.00) - No volume data available
INFO     root:strategy_manager.py:245 [StrategyManager] DEBUG: signal=HOLD, actionable_weight=0, hold_weight=2.8, raw_score=0.3
INFO     root:strategy_manager.py:163 [StrategyManager] Final signal for BTC/USD: HOLD (conf: 0.11)
INFO     root:strategy_manager.py:200 [StrategyManager] Confidence 0.11 below threshold 0.2, converting to HOLD
INFO     root:main.py:187 [BTC/USD] Signal: HOLD | Reason: Low confidence: HOLD signal from 3 strategies: sentiment: No news headlines available; technical: Insufficient price history for technical analysis
INFO     root:main.py:199 [BTC/USD] Trade result: {'timestamp': '2025-10-21T10:48:32.250162', 'action': 'hold', 'symbol': 'BTCUSD', 'price': 50000.0, 'amount': 0.00012, 'gross_value': 6.0, 'fee': 0.02, 'net_value': 5.98, 'reason': 'Low confidence: HOLD signal from 3 strategies: sentiment: No news headlines available; technical: Insufficient price history for technical analysis', 'value': 5.98}
INFO     root:notifier.py:14 [ALERT] [BTCUSD] hold @ 50000.0 — Low confidence: HOLD signal from 3 strategies: sentiment: No news headlines available; technical: Insufficient price history for technical analysis
INFO     root:main.py:204 [BTC/USD] Notified result.
INFO     root:main.py:68 [Status] Updated bot_status.json: {'time': '2025-10-21 10:48:32', 'message': 'Processed 2 symbols with multi-strategy analysis', 'next_run': '2025-10-21 10:53:32'}
INFO     root:main.py:227 [TradeCycle] === Completed cycle at 2025-10-21 10:48:32 ===
INFO     root:main.py:86 [TradeCycle] === Starting cycle at 2025-10-21 10:48:32 ===
INFO     root:strategy_manager.py:39 [StrategyManager] Logging to /tmp/pytest-of-rcasteen/pytest-53/test_multiple_symbols_cycle0/logs/strategy_signals.jsonl
INFO     root:main.py:116 [Scanner] Top 2 symbols: ['BTC/USD', 'ETH/USD']
INFO     root:main.py:117 [News] Retrieved 2 symbol groups with unseen headlines
INFO     root:main.py:147 [ETH/USD] Checking...
DEBUG    urllib3.connectionpool:connectionpool.py:1049 Starting new HTTPS connection (1): api.kraken.com:443
DEBUG    urllib3.connectionpool:connectionpool.py:544 https://api.kraken.com:443 "GET /0/public/Ticker?pair=ETH%2FUSD HTTP/1.1" 200 None
INFO     root:main.py:152 [ETH/USD] Current price: 4077.79
DEBUG    urllib3.connectionpool:connectionpool.py:544 https://api.kraken.com:443 "POST /0/private/Balance HTTP/1.1" 200 41
INFO     root:main.py:161 [ETH/USD] Current USD balance: 200.0
INFO     root:risk_manager.py:61 [RiskManager] Position size: 0.001471 @ $4077.79 = $6.00
INFO     root:main.py:165 [ETH/USD] Risk-adjusted position size: 0.001471
INFO     root:strategy_manager.py:133 [sentiment] ETH/USD: HOLD (conf: 0.00) - No news headlines available
INFO     root:strategy_manager.py:133 [technical] ETH/USD: HOLD (conf: 0.30) - Insufficient price history for technical analysis
INFO     root:strategy_manager.py:133 [volume] ETH/USD: HOLD (conf: 0.00) - No volume data available
INFO     root:strategy_manager.py:245 [StrategyManager] DEBUG: signal=HOLD, actionable_weight=0, hold_weight=2.8, raw_score=0.3
INFO     root:strategy_manager.py:163 [StrategyManager] Final signal for ETH/USD: HOLD (conf: 0.11)
INFO     root:strategy_manager.py:200 [StrategyManager] Confidence 0.11 below threshold 0.2, converting to HOLD
INFO     root:main.py:187 [ETH/USD] Signal: HOLD | Reason: Low confidence: HOLD signal from 3 strategies: sentiment: No news headlines available; technical: Insufficient price history for technical analysis
INFO     root:main.py:199 [ETH/USD] Trade result: {'timestamp': '2025-10-21T10:48:33.342274', 'action': 'hold', 'symbol': 'ETHUSD', 'price': 4077.79, 'amount': 0.001471, 'gross_value': 6.0, 'fee': 0.02, 'net_value': 5.98, 'reason': 'Low confidence: HOLD signal from 3 strategies: sentiment: No news headlines available; technical: Insufficient price history for technical analysis', 'value': 5.98}
INFO     root:notifier.py:14 [ALERT] [ETHUSD] hold @ 4077.79 — Low confidence: HOLD signal from 3 strategies: sentiment: No news headlines available; technical: Insufficient price history for technical analysis
INFO     root:main.py:204 [ETH/USD] Notified result.
INFO     root:main.py:147 [BTCUSD] Checking...
DEBUG    urllib3.connectionpool:connectionpool.py:544 https://api.kraken.com:443 "GET /0/public/Ticker?pair=BTCUSD HTTP/1.1" 200 None
INFO     root:main.py:152 [BTCUSD] Current price: 113490.5
DEBUG    urllib3.connectionpool:connectionpool.py:544 https://api.kraken.com:443 "POST /0/private/Balance HTTP/1.1" 200 41
INFO     root:main.py:161 [BTCUSD] Current USD balance: 200.0
INFO     root:risk_manager.py:61 [RiskManager] Position size: 0.000053 @ $113490.50 = $6.00
INFO     root:main.py:165 [BTCUSD] Risk-adjusted position size: 5.3e-05
INFO     root:strategy_manager.py:133 [sentiment] BTCUSD: BUY (conf: 0.80) - Sentiment: Keyword match (positive): Bitcoin surges
INFO     root:strategy_manager.py:133 [technical] BTCUSD: HOLD (conf: 0.30) - Insufficient price history for technical analysis
INFO     root:strategy_manager.py:133 [volume] BTCUSD: HOLD (conf: 0.00) - No volume data available
INFO     root:strategy_manager.py:245 [StrategyManager] DEBUG: signal=BUY, actionable_weight=1.0, hold_weight=1.8, raw_score=0.8
INFO     root:strategy_manager.py:163 [StrategyManager] Final signal for BTCUSD: BUY (conf: 0.80)
INFO     root:main.py:187 [BTCUSD] Signal: BUY | Reason: BUY signal from 1 strategies: sentiment: Sentiment: Keyword match (positive): Bitcoin surges
INFO     root:main.py:199 [BTCUSD] Trade result: {'timestamp': '2025-10-21T10:48:33.822561', 'action': 'buy', 'symbol': 'BTCUSD', 'price': 113490.5, 'amount': 5.3e-05, 'gross_value': 6.01, 'fee': 0.02, 'net_value': 6.03, 'reason': 'BUY signal from 1 strategies: sentiment: Sentiment: Keyword match (positive): Bitcoin surges', 'value': 6.03}
INFO     root:notifier.py:14 [ALERT] [BTCUSD] buy @ 113490.5 — BUY signal from 1 strategies: sentiment: Sentiment: Keyword match (positive): Bitcoin surges
INFO     root:main.py:204 [BTCUSD] Notified result.
INFO     root:main.py:209 [BTCUSD] Marked 1 headlines as seen.
INFO     root:main.py:147 [BTC/USD] Checking...
DEBUG    urllib3.connectionpool:connectionpool.py:544 https://api.kraken.com:443 "GET /0/public/Ticker?pair=BTC%2FUSD HTTP/1.1" 200 None
INFO     root:main.py:152 [BTC/USD] Current price: 113490.5
DEBUG    urllib3.connectionpool:connectionpool.py:544 https://api.kraken.com:443 "POST /0/private/Balance HTTP/1.1" 200 41
INFO     root:main.py:161 [BTC/USD] Current USD balance: 200.0
INFO     root:risk_manager.py:61 [RiskManager] Position size: 0.000053 @ $113490.50 = $6.00
INFO     root:main.py:165 [BTC/USD] Risk-adjusted position size: 5.3e-05
INFO     root:strategy_manager.py:133 [sentiment] BTC/USD: HOLD (conf: 0.00) - No news headlines available
INFO     root:strategy_manager.py:133 [technical] BTC/USD: HOLD (conf: 0.30) - Insufficient price history for technical analysis
INFO     root:strategy_manager.py:133 [volume] BTC/USD: HOLD (conf: 0.00) - No volume data available
INFO     root:strategy_manager.py:245 [StrategyManager] DEBUG: signal=HOLD, actionable_weight=0, hold_weight=2.8, raw_score=0.3
INFO     root:strategy_manager.py:163 [StrategyManager] Final signal for BTC/USD: HOLD (conf: 0.11)
INFO     root:strategy_manager.py:200 [StrategyManager] Confidence 0.11 below threshold 0.2, converting to HOLD
INFO     root:main.py:187 [BTC/USD] Signal: HOLD | Reason: Low confidence: HOLD signal from 3 strategies: sentiment: No news headlines available; technical: Insufficient price history for technical analysis
INFO     root:main.py:199 [BTC/USD] Trade result: {'timestamp': '2025-10-21T10:48:34.583160', 'action': 'hold', 'symbol': 'BTCUSD', 'price': 113490.5, 'amount': 5.3e-05, 'gross_value': 6.01, 'fee': 0.02, 'net_value': 6.0, 'reason': 'Low confidence: HOLD signal from 3 strategies: sentiment: No news headlines available; technical: Insufficient price history for technical analysis', 'value': 6.0}
INFO     root:notifier.py:14 [ALERT] [BTCUSD] hold @ 113490.5 — Low confidence: HOLD signal from 3 strategies: sentiment: No news headlines available; technical: Insufficient price history for technical analysis
INFO     root:main.py:204 [BTC/USD] Notified result.
INFO     root:main.py:68 [Status] Updated bot_status.json: {'time': '2025-10-21 10:48:34', 'message': 'Processed 3 symbols with multi-strategy analysis', 'next_run': '2025-10-21 10:53:34'}
INFO     root:main.py:227 [TradeCycle] === Completed cycle at 2025-10-21 10:48:34 ===
INFO     root:news_fetcher.py:132 [NewsFetcher] Processed https://cointelegraph.com/rss
INFO     root:news_fetcher.py:132 [NewsFetcher] Processed https://www.coindesk.com/arc/outboundfeeds/rss/
INFO     root:news_fetcher.py:132 [NewsFetcher] Processed https://decrypt.co/feed
INFO     root:news_fetcher.py:137 [NewsFetcher] Found unseen headlines for 1 symbols
DEBUG    asyncio:selector_events.py:64 Using selector: EpollSelector
INFO     root:main.py:287 [Manual] Trade cycle triggered via /run-now endpoint
INFO     httpx:_client.py:1025 HTTP Request: GET http://testserver/run-now "HTTP/1.1 200 OK"
DEBUG    asyncio:selector_events.py:64 Using selector: EpollSelector
INFO     root:dashboard.py:142 [PnL] Labels: ['SOL/USD', 'BTC/USD', 'XRP/USD', 'ETH/USD', 'DOGE/USD', 'LTC/USD', 'UNI/USD', 'LINK/USD', 'ADA/USD', 'SHIB/USD', 'BTCUSD', 'ETHUSD', 'SOLUSD', 'XRPUSD', 'AAVE/USD', 'ATOM/USD', 'DOGEUSD']
INFO     root:dashboard.py:143 [PnL] Data: [0.43, 207.11, 0.0, 34.25, 0.0, -0.08, -0.01, 0.0, 0.0, -0.0, 4.51, 2.84, 1.57, 2.62, 0.0, -0.0, 1.7]
INFO     root:dashboard.py:142 [PnL] Labels: ['SOL/USD', 'BTC/USD', 'XRP/USD', 'ETH/USD', 'DOGE/USD', 'LTC/USD', 'UNI/USD', 'LINK/USD', 'ADA/USD', 'SHIB/USD', 'BTCUSD', 'ETHUSD', 'SOLUSD', 'XRPUSD', 'AAVE/USD', 'ATOM/USD', 'DOGEUSD']
INFO     root:dashboard.py:143 [PnL] Data: [0.43, 207.11, 0.0, 34.25, 0.0, -0.08, -0.01, 0.0, 0.0, -0.0, 4.51, 2.84, 1.57, 2.62, 0.0, -0.0, 1.7]
INFO     httpx:_client.py:1025 HTTP Request: GET http://testserver/partial "HTTP/1.1 200 OK"
INFO     root:main.py:86 [TradeCycle] === Starting cycle at 2025-10-21 10:48:34 ===
INFO     root:strategy_manager.py:39 [StrategyManager] Logging to /tmp/pytest-of-rcasteen/pytest-53/test_cycle_continues_after_api0/logs/strategy_signals.jsonl
INFO     root:main.py:116 [Scanner] Top 2 symbols: ['BTC/USD', 'ETH/USD']
INFO     root:main.py:117 [News] Retrieved 2 symbol groups with unseen headlines
INFO     root:main.py:147 [ETH/USD] Checking...
DEBUG    urllib3.connectionpool:connectionpool.py:544 https://api.kraken.com:443 "GET /0/public/Ticker?pair=ETH%2FUSD HTTP/1.1" 200 None
INFO     root:main.py:152 [ETH/USD] Current price: 4077.79
DEBUG    urllib3.connectionpool:connectionpool.py:544 https://api.kraken.com:443 "POST /0/private/Balance HTTP/1.1" 200 41
INFO     root:main.py:161 [ETH/USD] Current USD balance: 200.0
INFO     root:risk_manager.py:61 [RiskManager] Position size: 0.001471 @ $4077.79 = $6.00
INFO     root:main.py:165 [ETH/USD] Risk-adjusted position size: 0.001471
INFO     root:strategy_manager.py:133 [sentiment] ETH/USD: HOLD (conf: 0.00) - No news headlines available
INFO     root:strategy_manager.py:133 [technical] ETH/USD: HOLD (conf: 0.30) - Insufficient price history for technical analysis
INFO     root:strategy_manager.py:133 [volume] ETH/USD: HOLD (conf: 0.00) - No volume data available
INFO     root:strategy_manager.py:245 [StrategyManager] DEBUG: signal=HOLD, actionable_weight=0, hold_weight=2.8, raw_score=0.3
INFO     root:strategy_manager.py:163 [StrategyManager] Final signal for ETH/USD: HOLD (conf: 0.11)
INFO     root:strategy_manager.py:200 [StrategyManager] Confidence 0.11 below threshold 0.2, converting to HOLD
INFO     root:main.py:187 [ETH/USD] Signal: HOLD | Reason: Low confidence: HOLD signal from 3 strategies: sentiment: No news headlines available; technical: Insufficient price history for technical analysis
INFO     root:main.py:199 [ETH/USD] Trade result: {'timestamp': '2025-10-21T10:48:35.801463', 'action': 'hold', 'symbol': 'ETHUSD', 'price': 4077.79, 'amount': 0.001471, 'gross_value': 6.0, 'fee': 0.02, 'net_value': 5.98, 'reason': 'Low confidence: HOLD signal from 3 strategies: sentiment: No news headlines available; technical: Insufficient price history for technical analysis', 'value': 5.98}
INFO     root:notifier.py:14 [ALERT] [ETHUSD] hold @ 4077.79 — Low confidence: HOLD signal from 3 strategies: sentiment: No news headlines available; technical: Insufficient price history for technical analysis
INFO     root:main.py:204 [ETH/USD] Notified result.
INFO     root:main.py:147 [BTCUSD] Checking...
DEBUG    urllib3.connectionpool:connectionpool.py:544 https://api.kraken.com:443 "GET /0/public/Ticker?pair=BTCUSD HTTP/1.1" 200 None
INFO     root:main.py:152 [BTCUSD] Current price: 113490.5
DEBUG    urllib3.connectionpool:connectionpool.py:544 https://api.kraken.com:443 "POST /0/private/Balance HTTP/1.1" 200 41
INFO     root:main.py:161 [BTCUSD] Current USD balance: 200.0
INFO     root:risk_manager.py:61 [RiskManager] Position size: 0.000053 @ $113490.50 = $6.00
INFO     root:main.py:165 [BTCUSD] Risk-adjusted position size: 5.3e-05
DEBUG    openai._base_client:_base_client.py:482 Request options: {'method': 'post', 'url': '/chat/completions', 'files': None, 'idempotency_key': 'stainless-python-retry-12156783-e71a-472c-b7dd-b9b8fade408b', 'json_data': {'messages': [{'role': 'user', 'content': 'Given the headline: "Bitcoin news" and the crypto symbol BTCUSD, determine the most appropriate trading signal from the options: BUY, HOLD, or SELL. Also explain briefly why. Your output should be a JSON object like: {"signal": "BUY", "reason": "High interest and positive news."}'}], 'model': 'gpt-4o-mini', 'max_tokens': 100, 'temperature': 0.2}}
DEBUG    openai._base_client:_base_client.py:978 Sending HTTP Request: POST https://api.openai.com/v1/chat/completions
DEBUG    httpcore.connection:_trace.py:47 connect_tcp.started host='api.openai.com' port=443 local_address=None timeout=5.0 socket_options=None
DEBUG    httpcore.connection:_trace.py:47 connect_tcp.complete return_value=<httpcore._backends.sync.SyncStream object at 0x77f7bad37080>
DEBUG    httpcore.connection:_trace.py:47 start_tls.started ssl_context=<ssl.SSLContext object at 0x77f7bb14f850> server_hostname='api.openai.com' timeout=5.0
DEBUG    httpcore.connection:_trace.py:47 start_tls.complete return_value=<httpcore._backends.sync.SyncStream object at 0x77f7bb5fd880>
DEBUG    httpcore.http11:_trace.py:47 send_request_headers.started request=<Request [b'POST']>
DEBUG    httpcore.http11:_trace.py:47 send_request_headers.complete
DEBUG    httpcore.http11:_trace.py:47 send_request_body.started request=<Request [b'POST']>
DEBUG    httpcore.http11:_trace.py:47 send_request_body.complete
DEBUG    httpcore.http11:_trace.py:47 receive_response_headers.started request=<Request [b'POST']>
DEBUG    httpcore.http11:_trace.py:47 receive_response_headers.complete return_value=(b'HTTP/1.1', 200, b'OK', [(b'Date', b'Tue, 21 Oct 2025 15:48:37 GMT'), (b'Content-Type', b'application/json'), (b'Transfer-Encoding', b'chunked'), (b'Connection', b'keep-alive'), (b'access-control-expose-headers', b'X-Request-ID'), (b'openai-organization', b'user-6mwxkngxge9likbrzlxbfa92'), (b'openai-processing-ms', b'835'), (b'openai-project', b'proj_3jfjrR4jauJSvtuUZKgvj2Vp'), (b'openai-version', b'2020-10-01'), (b'x-envoy-upstream-service-time', b'1024'), (b'x-ratelimit-limit-requests', b'10000'), (b'x-ratelimit-limit-tokens', b'200000'), (b'x-ratelimit-remaining-requests', b'9999'), (b'x-ratelimit-remaining-tokens', b'199928'), (b'x-ratelimit-reset-requests', b'8.64s'), (b'x-ratelimit-reset-tokens', b'21ms'), (b'x-request-id', b'req_58d97af362cf4d2bb41020a6c7fbd784'), (b'x-openai-proxy-wasm', b'v0.1'), (b'cf-cache-status', b'DYNAMIC'), (b'Set-Cookie', b'__cf_bm=_5aXeYsxIiCxg5DMiGVDTjO.qDHR_DCGRZbL9Vkozgw-1761061717-1.0.1.1-jmQrbWUZ70WX9zBnsKXTTWUh4EUqpp8ONvmw5GGTDBpxFzkBuWv0uTE_DKiWLU39vuUV47x0HMKqIBEBZWGDJLaDzvT7jeAk750jtFNavTQ; path=/; expires=Tue, 21-Oct-25 16:18:37 GMT; domain=.api.openai.com; HttpOnly; Secure; SameSite=None'), (b'Strict-Transport-Security', b'max-age=31536000; includeSubDomains; preload'), (b'X-Content-Type-Options', b'nosniff'), (b'Set-Cookie', b'_cfuvid=Q9dSHSyjLTXfad4tAKlqy3yv3qvncxhDwX9v5fkWx4o-1761061717852-0.0.1.1-604800000; path=/; domain=.api.openai.com; HttpOnly; Secure; SameSite=None'), (b'Server', b'cloudflare'), (b'CF-RAY', b'9921e671d849486f-DFW'), (b'Content-Encoding', b'gzip'), (b'alt-svc', b'h3=":443"; ma=86400')])
INFO     httpx:_client.py:1025 HTTP Request: POST https://api.openai.com/v1/chat/completions "HTTP/1.1 200 OK"
DEBUG    httpcore.http11:_trace.py:47 receive_response_body.started request=<Request [b'POST']>
DEBUG    httpcore.http11:_trace.py:47 receive_response_body.complete
DEBUG    httpcore.http11:_trace.py:47 response_closed.started
DEBUG    httpcore.http11:_trace.py:47 response_closed.complete
DEBUG    openai._base_client:_base_client.py:1016 HTTP Response: POST https://api.openai.com/v1/chat/completions "200 OK" Headers([('date', 'Tue, 21 Oct 2025 15:48:37 GMT'), ('content-type', 'application/json'), ('transfer-encoding', 'chunked'), ('connection', 'keep-alive'), ('access-control-expose-headers', 'X-Request-ID'), ('openai-organization', 'user-6mwxkngxge9likbrzlxbfa92'), ('openai-processing-ms', '835'), ('openai-project', 'proj_3jfjrR4jauJSvtuUZKgvj2Vp'), ('openai-version', '2020-10-01'), ('x-envoy-upstream-service-time', '1024'), ('x-ratelimit-limit-requests', '10000'), ('x-ratelimit-limit-tokens', '200000'), ('x-ratelimit-remaining-requests', '9999'), ('x-ratelimit-remaining-tokens', '199928'), ('x-ratelimit-reset-requests', '8.64s'), ('x-ratelimit-reset-tokens', '21ms'), ('x-request-id', 'req_58d97af362cf4d2bb41020a6c7fbd784'), ('x-openai-proxy-wasm', 'v0.1'), ('cf-cache-status', 'DYNAMIC'), ('set-cookie', '__cf_bm=_5aXeYsxIiCxg5DMiGVDTjO.qDHR_DCGRZbL9Vkozgw-1761061717-1.0.1.1-jmQrbWUZ70WX9zBnsKXTTWUh4EUqpp8ONvmw5GGTDBpxFzkBuWv0uTE_DKiWLU39vuUV47x0HMKqIBEBZWGDJLaDzvT7jeAk750jtFNavTQ; path=/; expires=Tue, 21-Oct-25 16:18:37 GMT; domain=.api.openai.com; HttpOnly; Secure; SameSite=None'), ('strict-transport-security', 'max-age=31536000; includeSubDomains; preload'), ('x-content-type-options', 'nosniff'), ('set-cookie', '_cfuvid=Q9dSHSyjLTXfad4tAKlqy3yv3qvncxhDwX9v5fkWx4o-1761061717852-0.0.1.1-604800000; path=/; domain=.api.openai.com; HttpOnly; Secure; SameSite=None'), ('server', 'cloudflare'), ('cf-ray', '9921e671d849486f-DFW'), ('content-encoding', 'gzip'), ('alt-svc', 'h3=":443"; ma=86400')])
DEBUG    openai._base_client:_base_client.py:1024 request_id: req_58d97af362cf4d2bb41020a6c7fbd784
INFO     root:strategy_manager.py:133 [sentiment] BTCUSD: HOLD (conf: 0.30) - Sentiment: Market volatility and uncertainty in recent news suggest caution.
INFO     root:strategy_manager.py:133 [technical] BTCUSD: HOLD (conf: 0.30) - Insufficient price history for technical analysis
INFO     root:strategy_manager.py:133 [volume] BTCUSD: HOLD (conf: 0.00) - No volume data available
INFO     root:strategy_manager.py:245 [StrategyManager] DEBUG: signal=HOLD, actionable_weight=0, hold_weight=2.8, raw_score=0.6
INFO     root:strategy_manager.py:163 [StrategyManager] Final signal for BTCUSD: HOLD (conf: 0.21)
INFO     root:main.py:187 [BTCUSD] Signal: HOLD | Reason: HOLD signal from 3 strategies: sentiment: Sentiment: Market volatility and uncertainty in recent news suggest caution.; technical: Insufficient price history for technical analysis
INFO     root:main.py:199 [BTCUSD] Trade result: {'timestamp': '2025-10-21T10:48:37.889894', 'action': 'hold', 'symbol': 'BTCUSD', 'price': 113490.5, 'amount': 5.3e-05, 'gross_value': 6.01, 'fee': 0.02, 'net_value': 6.0, 'reason': 'HOLD signal from 3 strategies: sentiment: Sentiment: Market volatility and uncertainty in recent news suggest caution.; technical: Insufficient price history for technical analysis', 'value': 6.0}
INFO     root:notifier.py:14 [ALERT] [BTCUSD] hold @ 113490.5 — HOLD signal from 3 strategies: sentiment: Sentiment: Market volatility and uncertainty in recent news suggest caution.; technical: Insufficient price history for technical analysis
INFO     root:main.py:204 [BTCUSD] Notified result.
INFO     root:main.py:209 [BTCUSD] Marked 1 headlines as seen.
INFO     root:main.py:147 [BTC/USD] Checking...
DEBUG    urllib3.connectionpool:connectionpool.py:544 https://api.kraken.com:443 "GET /0/public/Ticker?pair=BTC%2FUSD HTTP/1.1" 200 None
INFO     root:main.py:152 [BTC/USD] Current price: 113490.4
DEBUG    urllib3.connectionpool:connectionpool.py:544 https://api.kraken.com:443 "POST /0/private/Balance HTTP/1.1" 200 41
INFO     root:main.py:161 [BTC/USD] Current USD balance: 200.0
INFO     root:risk_manager.py:61 [RiskManager] Position size: 0.000053 @ $113490.40 = $6.00
INFO     root:main.py:165 [BTC/USD] Risk-adjusted position size: 5.3e-05
INFO     root:strategy_manager.py:133 [sentiment] BTC/USD: HOLD (conf: 0.00) - No news headlines available
INFO     root:strategy_manager.py:133 [technical] BTC/USD: HOLD (conf: 0.30) - Insufficient price history for technical analysis
INFO     root:strategy_manager.py:133 [volume] BTC/USD: HOLD (conf: 0.00) - No volume data available
INFO     root:strategy_manager.py:245 [StrategyManager] DEBUG: signal=HOLD, actionable_weight=0, hold_weight=2.8, raw_score=0.3
INFO     root:strategy_manager.py:163 [StrategyManager] Final signal for BTC/USD: HOLD (conf: 0.11)
INFO     root:strategy_manager.py:200 [StrategyManager] Confidence 0.11 below threshold 0.2, converting to HOLD
INFO     root:main.py:187 [BTC/USD] Signal: HOLD | Reason: Low confidence: HOLD signal from 3 strategies: sentiment: No news headlines available; technical: Insufficient price history for technical analysis
INFO     root:main.py:199 [BTC/USD] Trade result: {'timestamp': '2025-10-21T10:48:38.451953', 'action': 'hold', 'symbol': 'BTCUSD', 'price': 113490.4, 'amount': 5.3e-05, 'gross_value': 6.01, 'fee': 0.02, 'net_value': 6.0, 'reason': 'Low confidence: HOLD signal from 3 strategies: sentiment: No news headlines available; technical: Insufficient price history for technical analysis', 'value': 6.0}
INFO     root:notifier.py:14 [ALERT] [BTCUSD] hold @ 113490.4 — Low confidence: HOLD signal from 3 strategies: sentiment: No news headlines available; technical: Insufficient price history for technical analysis
INFO     root:main.py:204 [BTC/USD] Notified result.
INFO     root:main.py:68 [Status] Updated bot_status.json: {'time': '2025-10-21 10:48:38', 'message': 'Processed 3 symbols with multi-strategy analysis', 'next_run': '2025-10-21 10:53:38'}
INFO     root:main.py:227 [TradeCycle] === Completed cycle at 2025-10-21 10:48:38 ===
DEBUG    asyncio:selector_events.py:64 Using selector: EpollSelector
INFO     root:dashboard.py:142 [PnL] Labels: ['BTC/USD']
INFO     root:dashboard.py:143 [PnL] Data: [2000.0]
INFO     root:dashboard.py:142 [PnL] Labels: ['BTC/USD']
INFO     root:dashboard.py:143 [PnL] Data: [2000.0]
INFO     httpx:_client.py:1025 HTTP Request: GET http://testserver/partial "HTTP/1.1 200 OK"
INFO     root:main.py:68 [Status] Updated bot_status.json: {'time': '2025-01-01 00:00:00', 'message': 'ok', 'next_run': 'soon'}
DEBUG    asyncio:selector_events.py:64 Using selector: EpollSelector
INFO     httpx:_client.py:1025 HTTP Request: GET http://testserver/status "HTTP/1.1 200 OK"
INFO     root:main.py:86 [TradeCycle] === Starting cycle at 2025-10-21 10:48:38 ===
INFO     root:strategy_manager.py:39 [StrategyManager] Logging to /home/rcasteen/kraken-ai-bot/src/app/logs/strategy_signals.jsonl
INFO     root:main.py:116 [Scanner] Top 1 symbols: ['BTC/USD']
INFO     root:main.py:117 [News] Retrieved 1 symbol groups with unseen headlines
INFO     root:main.py:147 [BTCUSD] Checking...
DEBUG    urllib3.connectionpool:connectionpool.py:544 https://api.kraken.com:443 "GET /0/public/Ticker?pair=BTCUSD HTTP/1.1" 200 None
INFO     root:main.py:152 [BTCUSD] Current price: 113490.5
DEBUG    urllib3.connectionpool:connectionpool.py:544 https://api.kraken.com:443 "POST /0/private/Balance HTTP/1.1" 200 41
INFO     root:main.py:161 [BTCUSD] Current USD balance: 200.0
INFO     root:risk_manager.py:61 [RiskManager] Position size: 0.000053 @ $113490.50 = $6.00
INFO     root:main.py:165 [BTCUSD] Risk-adjusted position size: 5.3e-05
DEBUG    openai._base_client:_base_client.py:482 Request options: {'method': 'post', 'url': '/chat/completions', 'files': None, 'idempotency_key': 'stainless-python-retry-b90ce055-f2d6-4763-837d-290d0e578fe4', 'json_data': {'messages': [{'role': 'user', 'content': 'Given the headline: "Breaking news!" and the crypto symbol BTCUSD, determine the most appropriate trading signal from the options: BUY, HOLD, or SELL. Also explain briefly why. Your output should be a JSON object like: {"signal": "BUY", "reason": "High interest and positive news."}'}], 'model': 'gpt-4o-mini', 'max_tokens': 100, 'temperature': 0.2}}
DEBUG    openai._base_client:_base_client.py:978 Sending HTTP Request: POST https://api.openai.com/v1/chat/completions
DEBUG    httpcore.connection:_trace.py:47 connect_tcp.started host='api.openai.com' port=443 local_address=None timeout=5.0 socket_options=None
DEBUG    httpcore.connection:_trace.py:47 connect_tcp.complete return_value=<httpcore._backends.sync.SyncStream object at 0x77f7bad67a70>
DEBUG    httpcore.connection:_trace.py:47 start_tls.started ssl_context=<ssl.SSLContext object at 0x77f7bad2c250> server_hostname='api.openai.com' timeout=5.0
DEBUG    httpcore.connection:_trace.py:47 start_tls.complete return_value=<httpcore._backends.sync.SyncStream object at 0x77f7bad67920>
DEBUG    httpcore.http11:_trace.py:47 send_request_headers.started request=<Request [b'POST']>
DEBUG    httpcore.http11:_trace.py:47 send_request_headers.complete
DEBUG    httpcore.http11:_trace.py:47 send_request_body.started request=<Request [b'POST']>
DEBUG    httpcore.http11:_trace.py:47 send_request_body.complete
DEBUG    httpcore.http11:_trace.py:47 receive_response_headers.started request=<Request [b'POST']>
DEBUG    httpcore.http11:_trace.py:47 receive_response_headers.complete return_value=(b'HTTP/1.1', 200, b'OK', [(b'Date', b'Tue, 21 Oct 2025 15:48:40 GMT'), (b'Content-Type', b'application/json'), (b'Transfer-Encoding', b'chunked'), (b'Connection', b'keep-alive'), (b'access-control-expose-headers', b'X-Request-ID'), (b'openai-organization', b'user-6mwxkngxge9likbrzlxbfa92'), (b'openai-processing-ms', b'766'), (b'openai-project', b'proj_3jfjrR4jauJSvtuUZKgvj2Vp'), (b'openai-version', b'2020-10-01'), (b'x-envoy-upstream-service-time', b'846'), (b'x-ratelimit-limit-requests', b'10000'), (b'x-ratelimit-limit-tokens', b'200000'), (b'x-ratelimit-remaining-requests', b'9998'), (b'x-ratelimit-remaining-tokens', b'199927'), (b'x-ratelimit-reset-requests', b'15.033s'), (b'x-ratelimit-reset-tokens', b'21ms'), (b'x-request-id', b'req_5d0f46b128e7483396da2a68567186b3'), (b'x-openai-proxy-wasm', b'v0.1'), (b'cf-cache-status', b'DYNAMIC'), (b'Set-Cookie', b'__cf_bm=wtjM5P4QDLaGkkHgt6YlQqgytS6WHQ1gLh6wjjFuUWM-1761061720-1.0.1.1-3r3q4u.inCT8bqb.2V6gM2OCxJw9IoMAIVruovz.XIRVldlkm_kyAnC6JAIV2nbam9wqxqBY91UXE_5WPsIrMgEfsA34Gxvwa2LEzjJQZRQ; path=/; expires=Tue, 21-Oct-25 16:18:40 GMT; domain=.api.openai.com; HttpOnly; Secure; SameSite=None'), (b'Strict-Transport-Security', b'max-age=31536000; includeSubDomains; preload'), (b'X-Content-Type-Options', b'nosniff'), (b'Set-Cookie', b'_cfuvid=gURMeqsFeWRq6L03sZccUUyP2IaIEAfqEKxwFumfWl8-1761061720086-0.0.1.1-604800000; path=/; domain=.api.openai.com; HttpOnly; Secure; SameSite=None'), (b'Server', b'cloudflare'), (b'CF-RAY', b'9921e680f8c32d2b-DFW'), (b'Content-Encoding', b'gzip'), (b'alt-svc', b'h3=":443"; ma=86400')])
INFO     httpx:_client.py:1025 HTTP Request: POST https://api.openai.com/v1/chat/completions "HTTP/1.1 200 OK"
DEBUG    httpcore.http11:_trace.py:47 receive_response_body.started request=<Request [b'POST']>
DEBUG    httpcore.http11:_trace.py:47 receive_response_body.complete
DEBUG    httpcore.http11:_trace.py:47 response_closed.started
DEBUG    httpcore.http11:_trace.py:47 response_closed.complete
DEBUG    openai._base_client:_base_client.py:1016 HTTP Response: POST https://api.openai.com/v1/chat/completions "200 OK" Headers([('date', 'Tue, 21 Oct 2025 15:48:40 GMT'), ('content-type', 'application/json'), ('transfer-encoding', 'chunked'), ('connection', 'keep-alive'), ('access-control-expose-headers', 'X-Request-ID'), ('openai-organization', 'user-6mwxkngxge9likbrzlxbfa92'), ('openai-processing-ms', '766'), ('openai-project', 'proj_3jfjrR4jauJSvtuUZKgvj2Vp'), ('openai-version', '2020-10-01'), ('x-envoy-upstream-service-time', '846'), ('x-ratelimit-limit-requests', '10000'), ('x-ratelimit-limit-tokens', '200000'), ('x-ratelimit-remaining-requests', '9998'), ('x-ratelimit-remaining-tokens', '199927'), ('x-ratelimit-reset-requests', '15.033s'), ('x-ratelimit-reset-tokens', '21ms'), ('x-request-id', 'req_5d0f46b128e7483396da2a68567186b3'), ('x-openai-proxy-wasm', 'v0.1'), ('cf-cache-status', 'DYNAMIC'), ('set-cookie', '__cf_bm=wtjM5P4QDLaGkkHgt6YlQqgytS6WHQ1gLh6wjjFuUWM-1761061720-1.0.1.1-3r3q4u.inCT8bqb.2V6gM2OCxJw9IoMAIVruovz.XIRVldlkm_kyAnC6JAIV2nbam9wqxqBY91UXE_5WPsIrMgEfsA34Gxvwa2LEzjJQZRQ; path=/; expires=Tue, 21-Oct-25 16:18:40 GMT; domain=.api.openai.com; HttpOnly; Secure; SameSite=None'), ('strict-transport-security', 'max-age=31536000; includeSubDomains; preload'), ('x-content-type-options', 'nosniff'), ('set-cookie', '_cfuvid=gURMeqsFeWRq6L03sZccUUyP2IaIEAfqEKxwFumfWl8-1761061720086-0.0.1.1-604800000; path=/; domain=.api.openai.com; HttpOnly; Secure; SameSite=None'), ('server', 'cloudflare'), ('cf-ray', '9921e680f8c32d2b-DFW'), ('content-encoding', 'gzip'), ('alt-svc', 'h3=":443"; ma=86400')])
DEBUG    openai._base_client:_base_client.py:1024 request_id: req_5d0f46b128e7483396da2a68567186b3
INFO     root:strategy_manager.py:133 [sentiment] BTCUSD: BUY (conf: 0.60) - Sentiment: Breaking news often indicates significant market movement, potentially leading to price increases.
INFO     root:strategy_manager.py:133 [technical] BTCUSD: HOLD (conf: 0.30) - Insufficient price history for technical analysis
INFO     root:strategy_manager.py:133 [volume] BTCUSD: HOLD (conf: 0.00) - No volume data available
INFO     root:strategy_manager.py:245 [StrategyManager] DEBUG: signal=BUY, actionable_weight=1.0, hold_weight=1.8, raw_score=0.6
INFO     root:strategy_manager.py:163 [StrategyManager] Final signal for BTCUSD: BUY (conf: 0.60)
INFO     root:main.py:187 [BTCUSD] Signal: BUY | Reason: BUY signal from 1 strategies: sentiment: Sentiment: Breaking news often indicates significant market movement, potentially leading to price increases.
INFO     root:main.py:199 [BTCUSD] Trade result: {'trade': 'executed'}
INFO     root:main.py:204 [BTCUSD] Notified result.
INFO     root:main.py:209 [BTCUSD] Marked 1 headlines as seen.
INFO     root:main.py:147 [BTC/USD] Checking...
DEBUG    urllib3.connectionpool:connectionpool.py:544 https://api.kraken.com:443 "GET /0/public/Ticker?pair=BTC%2FUSD HTTP/1.1" 200 None
INFO     root:main.py:152 [BTC/USD] Current price: 113490.4
DEBUG    urllib3.connectionpool:connectionpool.py:544 https://api.kraken.com:443 "POST /0/private/Balance HTTP/1.1" 200 41
INFO     root:main.py:161 [BTC/USD] Current USD balance: 200.0
INFO     root:risk_manager.py:61 [RiskManager] Position size: 0.000053 @ $113490.40 = $6.00
INFO     root:main.py:165 [BTC/USD] Risk-adjusted position size: 5.3e-05
INFO     root:strategy_manager.py:133 [sentiment] BTC/USD: HOLD (conf: 0.00) - No news headlines available
INFO     root:strategy_manager.py:133 [technical] BTC/USD: HOLD (conf: 0.30) - Insufficient price history for technical analysis
INFO     root:strategy_manager.py:133 [volume] BTC/USD: HOLD (conf: 0.00) - No volume data available
INFO     root:strategy_manager.py:245 [StrategyManager] DEBUG: signal=HOLD, actionable_weight=0, hold_weight=2.8, raw_score=0.3
INFO     root:strategy_manager.py:163 [StrategyManager] Final signal for BTC/USD: HOLD (conf: 0.11)
INFO     root:strategy_manager.py:200 [StrategyManager] Confidence 0.11 below threshold 0.2, converting to HOLD
INFO     root:main.py:187 [BTC/USD] Signal: HOLD | Reason: Low confidence: HOLD signal from 3 strategies: sentiment: No news headlines available; technical: Insufficient price history for technical analysis
INFO     root:main.py:199 [BTC/USD] Trade result: {'trade': 'executed'}
INFO     root:main.py:204 [BTC/USD] Notified result.
INFO     root:main.py:68 [Status] Updated bot_status.json: {'time': '2025-10-21 10:48:40', 'message': 'Processed 2 symbols with multi-strategy analysis', 'next_run': '2025-10-21 10:53:40'}
INFO     root:main.py:227 [TradeCycle] === Completed cycle at 2025-10-21 10:48:40 ===
DEBUG    asyncio:selector_events.py:64 Using selector: EpollSelector
DEBUG    httpcore.connection:_trace.py:47 close.started
DEBUG    httpcore.connection:_trace.py:47 close.complete
INFO     root:main.py:287 [Manual] Trade cycle triggered via /run-now endpoint
INFO     root:main.py:86 [TradeCycle] === Starting cycle at 2025-10-21 10:48:40 ===
INFO     root:strategy_manager.py:39 [StrategyManager] Logging to /home/rcasteen/kraken-ai-bot/src/app/logs/strategy_signals.jsonl
DEBUG    urllib3.connectionpool:connectionpool.py:1049 Starting new HTTPS connection (1): api.kraken.com:443
DEBUG    urllib3.connectionpool:connectionpool.py:544 https://api.kraken.com:443 "GET /0/public/Ticker?pair=all HTTP/1.1" 200 39
INFO     root:news_fetcher.py:132 [NewsFetcher] Processed https://cointelegraph.com/rss
INFO     root:news_fetcher.py:132 [NewsFetcher] Processed https://www.coindesk.com/arc/outboundfeeds/rss/
INFO     root:news_fetcher.py:132 [NewsFetcher] Processed https://decrypt.co/feed
INFO     root:news_fetcher.py:137 [NewsFetcher] Found unseen headlines for 2 symbols
INFO     root:main.py:116 [Scanner] Top 0 symbols: []
INFO     root:main.py:117 [News] Retrieved 2 symbol groups with unseen headlines
INFO     root:main.py:147 [BTCUSD] Checking...
DEBUG    urllib3.connectionpool:connectionpool.py:544 https://api.kraken.com:443 "GET /0/public/Ticker?pair=BTCUSD HTTP/1.1" 200 None
INFO     root:main.py:152 [BTCUSD] Current price: 113490.5
DEBUG    urllib3.connectionpool:connectionpool.py:544 https://api.kraken.com:443 "POST /0/private/Balance HTTP/1.1" 200 41
INFO     root:main.py:161 [BTCUSD] Current USD balance: 200.0
INFO     root:risk_manager.py:61 [RiskManager] Position size: 0.000053 @ $113490.50 = $6.00
INFO     root:main.py:165 [BTCUSD] Risk-adjusted position size: 5.3e-05
DEBUG    openai._base_client:_base_client.py:482 Request options: {'method': 'post', 'url': '/chat/completions', 'files': None, 'idempotency_key': 'stainless-python-retry-7dfa4c3b-3447-4780-b8ef-457d4d20526b', 'json_data': {'messages': [{'role': 'user', 'content': 'Given the headline: "BitcoinOS Raises $10M to Expand Institutional BTCFi Capabilities" and the crypto symbol BTCUSD, determine the most appropriate trading signal from the options: BUY, HOLD, or SELL. Also explain briefly why. Your output should be a JSON object like: {"signal": "BUY", "reason": "High interest and positive news."}'}], 'model': 'gpt-4o-mini', 'max_tokens': 100, 'temperature': 0.2}}
DEBUG    openai._base_client:_base_client.py:978 Sending HTTP Request: POST https://api.openai.com/v1/chat/completions
DEBUG    httpcore.connection:_trace.py:47 connect_tcp.started host='api.openai.com' port=443 local_address=None timeout=5.0 socket_options=None
DEBUG    httpcore.connection:_trace.py:47 connect_tcp.complete return_value=<httpcore._backends.sync.SyncStream object at 0x77f7bad70bf0>
DEBUG    httpcore.connection:_trace.py:47 start_tls.started ssl_context=<ssl.SSLContext object at 0x77f7bb124e50> server_hostname='api.openai.com' timeout=5.0
DEBUG    httpcore.connection:_trace.py:47 start_tls.complete return_value=<httpcore._backends.sync.SyncStream object at 0x77f7bad72510>
DEBUG    httpcore.http11:_trace.py:47 send_request_headers.started request=<Request [b'POST']>
DEBUG    httpcore.http11:_trace.py:47 send_request_headers.complete
DEBUG    httpcore.http11:_trace.py:47 send_request_body.started request=<Request [b'POST']>
DEBUG    httpcore.http11:_trace.py:47 send_request_body.complete
DEBUG    httpcore.http11:_trace.py:47 receive_response_headers.started request=<Request [b'POST']>
DEBUG    httpcore.http11:_trace.py:47 receive_response_headers.complete return_value=(b'HTTP/1.1', 200, b'OK', [(b'Date', b'Tue, 21 Oct 2025 15:48:44 GMT'), (b'Content-Type', b'application/json'), (b'Transfer-Encoding', b'chunked'), (b'Connection', b'keep-alive'), (b'access-control-expose-headers', b'X-Request-ID'), (b'openai-organization', b'user-6mwxkngxge9likbrzlxbfa92'), (b'openai-processing-ms', b'949'), (b'openai-project', b'proj_3jfjrR4jauJSvtuUZKgvj2Vp'), (b'openai-version', b'2020-10-01'), (b'x-envoy-upstream-service-time', b'1130'), (b'x-ratelimit-limit-requests', b'10000'), (b'x-ratelimit-limit-tokens', b'200000'), (b'x-ratelimit-remaining-requests', b'9997'), (b'x-ratelimit-remaining-tokens', b'199915'), (b'x-ratelimit-reset-requests', b'19.267s'), (b'x-ratelimit-reset-tokens', b'25ms'), (b'x-request-id', b'req_ecc45fbe293b4540b7109b6d45e8fd1d'), (b'x-openai-proxy-wasm', b'v0.1'), (b'cf-cache-status', b'DYNAMIC'), (b'Set-Cookie', b'__cf_bm=x576BJu9iOi.QQaWdtZuTJPbED8qeiMUHAXLoKNI5eU-1761061724-1.0.1.1-7ZvmQr7J3AMNqsUmR8gQKMHKsG.pzUwN1ZHvJC9Z_H2RmL1VEhIy3tV3czLDrt.jo07qRx4BGgXbE8BLOXu.S3Ptvcf_pxOHq6428bM1IBY; path=/; expires=Tue, 21-Oct-25 16:18:44 GMT; domain=.api.openai.com; HttpOnly; Secure; SameSite=None'), (b'Strict-Transport-Security', b'max-age=31536000; includeSubDomains; preload'), (b'X-Content-Type-Options', b'nosniff'), (b'Set-Cookie', b'_cfuvid=ubIvgwir3lSJC1IrGkpBFibmSjSTjTneozgtlOWOiDg-1761061724615-0.0.1.1-604800000; path=/; domain=.api.openai.com; HttpOnly; Secure; SameSite=None'), (b'Server', b'cloudflare'), (b'CF-RAY', b'9921e69b7b2a379d-DFW'), (b'Content-Encoding', b'gzip'), (b'alt-svc', b'h3=":443"; ma=86400')])
INFO     httpx:_client.py:1025 HTTP Request: POST https://api.openai.com/v1/chat/completions "HTTP/1.1 200 OK"
DEBUG    httpcore.http11:_trace.py:47 receive_response_body.started request=<Request [b'POST']>
DEBUG    httpcore.http11:_trace.py:47 receive_response_body.complete
DEBUG    httpcore.http11:_trace.py:47 response_closed.started
DEBUG    httpcore.http11:_trace.py:47 response_closed.complete
DEBUG    openai._base_client:_base_client.py:1016 HTTP Response: POST https://api.openai.com/v1/chat/completions "200 OK" Headers([('date', 'Tue, 21 Oct 2025 15:48:44 GMT'), ('content-type', 'application/json'), ('transfer-encoding', 'chunked'), ('connection', 'keep-alive'), ('access-control-expose-headers', 'X-Request-ID'), ('openai-organization', 'user-6mwxkngxge9likbrzlxbfa92'), ('openai-processing-ms', '949'), ('openai-project', 'proj_3jfjrR4jauJSvtuUZKgvj2Vp'), ('openai-version', '2020-10-01'), ('x-envoy-upstream-service-time', '1130'), ('x-ratelimit-limit-requests', '10000'), ('x-ratelimit-limit-tokens', '200000'), ('x-ratelimit-remaining-requests', '9997'), ('x-ratelimit-remaining-tokens', '199915'), ('x-ratelimit-reset-requests', '19.267s'), ('x-ratelimit-reset-tokens', '25ms'), ('x-request-id', 'req_ecc45fbe293b4540b7109b6d45e8fd1d'), ('x-openai-proxy-wasm', 'v0.1'), ('cf-cache-status', 'DYNAMIC'), ('set-cookie', '__cf_bm=x576BJu9iOi.QQaWdtZuTJPbED8qeiMUHAXLoKNI5eU-1761061724-1.0.1.1-7ZvmQr7J3AMNqsUmR8gQKMHKsG.pzUwN1ZHvJC9Z_H2RmL1VEhIy3tV3czLDrt.jo07qRx4BGgXbE8BLOXu.S3Ptvcf_pxOHq6428bM1IBY; path=/; expires=Tue, 21-Oct-25 16:18:44 GMT; domain=.api.openai.com; HttpOnly; Secure; SameSite=None'), ('strict-transport-security', 'max-age=31536000; includeSubDomains; preload'), ('x-content-type-options', 'nosniff'), ('set-cookie', '_cfuvid=ubIvgwir3lSJC1IrGkpBFibmSjSTjTneozgtlOWOiDg-1761061724615-0.0.1.1-604800000; path=/; domain=.api.openai.com; HttpOnly; Secure; SameSite=None'), ('server', 'cloudflare'), ('cf-ray', '9921e69b7b2a379d-DFW'), ('content-encoding', 'gzip'), ('alt-svc', 'h3=":443"; ma=86400')])
DEBUG    openai._base_client:_base_client.py:1024 request_id: req_ecc45fbe293b4540b7109b6d45e8fd1d
INFO     root:strategy_manager.py:133 [sentiment] BTCUSD: BUY (conf: 0.60) - Sentiment: The $10M funding indicates strong institutional interest and potential growth in Bitcoin-related financial services.
INFO     root:strategy_manager.py:133 [technical] BTCUSD: HOLD (conf: 0.30) - Insufficient price history for technical analysis
INFO     root:strategy_manager.py:133 [volume] BTCUSD: HOLD (conf: 0.00) - No volume data available
INFO     root:strategy_manager.py:245 [StrategyManager] DEBUG: signal=BUY, actionable_weight=1.0, hold_weight=1.8, raw_score=0.6
INFO     root:strategy_manager.py:163 [StrategyManager] Final signal for BTCUSD: BUY (conf: 0.60)
INFO     root:main.py:187 [BTCUSD] Signal: BUY | Reason: BUY signal from 1 strategies: sentiment: Sentiment: The $10M funding indicates strong institutional interest and potential growth in Bitcoin-related financial services.
INFO     root:main.py:199 [BTCUSD] Trade result: {'timestamp': '2025-10-21T10:48:44.654472', 'action': 'buy', 'symbol': 'BTCUSD', 'price': 113490.5, 'amount': 5.3e-05, 'gross_value': 6.01, 'fee': 0.02, 'net_value': 6.03, 'reason': 'BUY signal from 1 strategies: sentiment: Sentiment: The $10M funding indicates strong institutional interest and potential growth in Bitcoin-related financial services.', 'value': 6.03}
INFO     root:notifier.py:14 [ALERT] [BTCUSD] buy @ 113490.5 — BUY signal from 1 strategies: sentiment: Sentiment: The $10M funding indicates strong institutional interest and potential growth in Bitcoin-related financial services.
INFO     root:main.py:204 [BTCUSD] Notified result.
INFO     root:main.py:209 [BTCUSD] Marked 1 headlines as seen.
INFO     root:main.py:147 [ETHUSD] Checking...
DEBUG    urllib3.connectionpool:connectionpool.py:544 https://api.kraken.com:443 "GET /0/public/Ticker?pair=ETHUSD HTTP/1.1" 200 None
INFO     root:main.py:152 [ETHUSD] Current price: 4079.19
DEBUG    urllib3.connectionpool:connectionpool.py:544 https://api.kraken.com:443 "POST /0/private/Balance HTTP/1.1" 200 41
INFO     root:main.py:161 [ETHUSD] Current USD balance: 200.0
INFO     root:risk_manager.py:61 [RiskManager] Position size: 0.001471 @ $4079.19 = $6.00
INFO     root:main.py:165 [ETHUSD] Risk-adjusted position size: 0.001471
DEBUG    openai._base_client:_base_client.py:482 Request options: {'method': 'post', 'url': '/chat/completions', 'files': None, 'idempotency_key': 'stainless-python-retry-775b2ea7-cf70-40d7-ae04-36249905cf4b', 'json_data': {'messages': [{'role': 'user', 'content': 'Given the headline: "Ethereum Remains Volatile Ahead of US Inflation Report as ETH ETFs Shed Assets" and the crypto symbol ETHUSD, determine the most appropriate trading signal from the options: BUY, HOLD, or SELL. Also explain briefly why. Your output should be a JSON object like: {"signal": "BUY", "reason": "High interest and positive news."}'}], 'model': 'gpt-4o-mini', 'max_tokens': 100, 'temperature': 0.2}}
DEBUG    openai._base_client:_base_client.py:978 Sending HTTP Request: POST https://api.openai.com/v1/chat/completions
DEBUG    httpcore.http11:_trace.py:47 send_request_headers.started request=<Request [b'POST']>
DEBUG    httpcore.http11:_trace.py:47 send_request_headers.complete
DEBUG    httpcore.http11:_trace.py:47 send_request_body.started request=<Request [b'POST']>
DEBUG    httpcore.http11:_trace.py:47 send_request_body.complete
DEBUG    httpcore.http11:_trace.py:47 receive_response_headers.started request=<Request [b'POST']>
DEBUG    httpcore.http11:_trace.py:47 receive_response_headers.complete return_value=(b'HTTP/1.1', 200, b'OK', [(b'Date', b'Tue, 21 Oct 2025 15:48:46 GMT'), (b'Content-Type', b'application/json'), (b'Transfer-Encoding', b'chunked'), (b'Connection', b'keep-alive'), (b'access-control-expose-headers', b'X-Request-ID'), (b'openai-organization', b'user-6mwxkngxge9likbrzlxbfa92'), (b'openai-processing-ms', b'935'), (b'openai-project', b'proj_3jfjrR4jauJSvtuUZKgvj2Vp'), (b'openai-version', b'2020-10-01'), (b'x-envoy-upstream-service-time', b'952'), (b'x-ratelimit-limit-requests', b'10000'), (b'x-ratelimit-limit-tokens', b'200000'), (b'x-ratelimit-remaining-requests', b'9996'), (b'x-ratelimit-remaining-tokens', b'199911'), (b'x-ratelimit-reset-requests', b'26.316s'), (b'x-ratelimit-reset-tokens', b'26ms'), (b'x-request-id', b'req_719a515fd0324d55bd546d7fb58decd9'), (b'x-openai-proxy-wasm', b'v0.1'), (b'cf-cache-status', b'DYNAMIC'), (b'Strict-Transport-Security', b'max-age=31536000; includeSubDomains; preload'), (b'X-Content-Type-Options', b'nosniff'), (b'Server', b'cloudflare'), (b'CF-RAY', b'9921e6a67cc2379d-DFW'), (b'Content-Encoding', b'gzip'), (b'alt-svc', b'h3=":443"; ma=86400')])
INFO     httpx:_client.py:1025 HTTP Request: POST https://api.openai.com/v1/chat/completions "HTTP/1.1 200 OK"
DEBUG    httpcore.http11:_trace.py:47 receive_response_body.started request=<Request [b'POST']>
DEBUG    httpcore.http11:_trace.py:47 receive_response_body.complete
DEBUG    httpcore.http11:_trace.py:47 response_closed.started
DEBUG    httpcore.http11:_trace.py:47 response_closed.complete
DEBUG    openai._base_client:_base_client.py:1016 HTTP Response: POST https://api.openai.com/v1/chat/completions "200 OK" Headers({'date': 'Tue, 21 Oct 2025 15:48:46 GMT', 'content-type': 'application/json', 'transfer-encoding': 'chunked', 'connection': 'keep-alive', 'access-control-expose-headers': 'X-Request-ID', 'openai-organization': 'user-6mwxkngxge9likbrzlxbfa92', 'openai-processing-ms': '935', 'openai-project': 'proj_3jfjrR4jauJSvtuUZKgvj2Vp', 'openai-version': '2020-10-01', 'x-envoy-upstream-service-time': '952', 'x-ratelimit-limit-requests': '10000', 'x-ratelimit-limit-tokens': '200000', 'x-ratelimit-remaining-requests': '9996', 'x-ratelimit-remaining-tokens': '199911', 'x-ratelimit-reset-requests': '26.316s', 'x-ratelimit-reset-tokens': '26ms', 'x-request-id': 'req_719a515fd0324d55bd546d7fb58decd9', 'x-openai-proxy-wasm': 'v0.1', 'cf-cache-status': 'DYNAMIC', 'strict-transport-security': 'max-age=31536000; includeSubDomains; preload', 'x-content-type-options': 'nosniff', 'server': 'cloudflare', 'cf-ray': '9921e6a67cc2379d-DFW', 'content-encoding': 'gzip', 'alt-svc': 'h3=":443"; ma=86400'})
DEBUG    openai._base_client:_base_client.py:1024 request_id: req_719a515fd0324d55bd546d7fb58decd9
INFO     root:strategy_manager.py:133 [sentiment] ETHUSD: SELL (conf: 0.60) - Sentiment: Market volatility and asset shedding in ETH ETFs indicate potential downward pressure on prices.
INFO     root:strategy_manager.py:133 [technical] ETHUSD: HOLD (conf: 0.30) - Insufficient price history for technical analysis
INFO     root:strategy_manager.py:133 [volume] ETHUSD: HOLD (conf: 0.00) - No volume data available
INFO     root:strategy_manager.py:245 [StrategyManager] DEBUG: signal=SELL, actionable_weight=1.0, hold_weight=1.8, raw_score=0.6
INFO     root:strategy_manager.py:163 [StrategyManager] Final signal for ETHUSD: SELL (conf: 0.60)
INFO     root:main.py:187 [ETHUSD] Signal: SELL | Reason: SELL signal from 1 strategies: sentiment: Sentiment: Market volatility and asset shedding in ETH ETFs indicate potential downward pressure on prices.
INFO     root:main.py:199 [ETHUSD] Trade result: {'timestamp': '2025-10-21T10:48:46.213741', 'action': 'sell', 'symbol': 'ETHUSD', 'price': 4079.19, 'amount': 0.001471, 'gross_value': 6.0, 'fee': 0.02, 'net_value': 5.98, 'reason': 'SELL signal from 1 strategies: sentiment: Sentiment: Market volatility and asset shedding in ETH ETFs indicate potential downward pressure on prices.', 'value': 5.98}
INFO     root:notifier.py:14 [ALERT] [ETHUSD] sell @ 4079.19 — SELL signal from 1 strategies: sentiment: Sentiment: Market volatility and asset shedding in ETH ETFs indicate potential downward pressure on prices.
INFO     root:main.py:204 [ETHUSD] Notified result.
INFO     root:main.py:209 [ETHUSD] Marked 1 headlines as seen.
INFO     root:main.py:68 [Status] Updated bot_status.json: {'time': '2025-10-21 10:48:46', 'message': 'Processed 2 symbols with multi-strategy analysis', 'next_run': '2025-10-21 10:53:46'}
INFO     root:main.py:227 [TradeCycle] === Completed cycle at 2025-10-21 10:48:46 ===
INFO     httpx:_client.py:1025 HTTP Request: GET http://testserver/run-now "HTTP/1.1 200 OK"
INFO     root:news_fetcher.py:132 [NewsFetcher] Processed https://cointelegraph.com/rss
INFO     root:news_fetcher.py:132 [NewsFetcher] Processed https://www.coindesk.com/arc/outboundfeeds/rss/
INFO     root:news_fetcher.py:132 [NewsFetcher] Processed https://decrypt.co/feed
INFO     root:news_fetcher.py:137 [NewsFetcher] Found unseen headlines for 1 symbols
INFO     root:news_fetcher.py:132 [NewsFetcher] Processed https://cointelegraph.com/rss
INFO     root:news_fetcher.py:132 [NewsFetcher] Processed https://www.coindesk.com/arc/outboundfeeds/rss/
INFO     root:news_fetcher.py:132 [NewsFetcher] Processed https://decrypt.co/feed
INFO     root:news_fetcher.py:137 [NewsFetcher] Found unseen headlines for 0 symbols
INFO     root:news_fetcher.py:132 [NewsFetcher] Processed https://cointelegraph.com/rss
INFO     root:news_fetcher.py:132 [NewsFetcher] Processed https://www.coindesk.com/arc/outboundfeeds/rss/
INFO     root:news_fetcher.py:132 [NewsFetcher] Processed https://decrypt.co/feed
INFO     root:news_fetcher.py:137 [NewsFetcher] Found unseen headlines for 0 symbols
INFO     root:news_fetcher.py:132 [NewsFetcher] Processed https://cointelegraph.com/rss
INFO     root:news_fetcher.py:132 [NewsFetcher] Processed https://www.coindesk.com/arc/outboundfeeds/rss/
INFO     root:news_fetcher.py:132 [NewsFetcher] Processed https://decrypt.co/feed
INFO     root:news_fetcher.py:137 [NewsFetcher] Found unseen headlines for 1 symbols
INFO     root:news_fetcher.py:132 [NewsFetcher] Processed https://cointelegraph.com/rss
INFO     root:news_fetcher.py:132 [NewsFetcher] Processed https://www.coindesk.com/arc/outboundfeeds/rss/
INFO     root:news_fetcher.py:132 [NewsFetcher] Processed https://decrypt.co/feed
INFO     root:news_fetcher.py:137 [NewsFetcher] Found unseen headlines for 1 symbols
INFO     root:notifier.py:14 [ALERT] [BTC/USD] BUY @ 50000.0 — Positive sentiment detected
INFO     root:notifier.py:14 [ALERT] [ETH/USD] SELL @ 3000.0 — Negative news
INFO     root:notifier.py:14 [ALERT] [SOL/USD] HOLD @ 100.0 — Mixed sentiment
INFO     root:notifier.py:14 [ALERT] [?] BUY @ 50000.0 — Test
INFO     root:notifier.py:14 [ALERT] [BTC/USD] HOLD @ 50000.0 — Test
INFO     root:notifier.py:14 [ALERT] [BTC/USD] BUY @ 0 — Test
INFO     root:notifier.py:14 [ALERT] [BTC/USD] BUY @ 50000.0 — No reason.
INFO     root:notifier.py:14 [ALERT] [BTC/USD] BUY @ 50000.0 — Test
INFO     root:notifier.py:14 [ALERT] [BTC/USD] BUY @ 50000.0 — Test
INFO     root:notifier.py:14 [ALERT] [BTC/USD] BUY @ 50000.0 — Test
INFO     root:notifier.py:14 [ALERT] [BTC/USD] BUY @ 50000.0 — Buy signal
INFO     root:notifier.py:14 [ALERT] [ETH/USD] SELL @ 3000.0 — Sell signal
INFO     root:notifier.py:14 [ALERT] [SOL/USD] HOLD @ 100.0 — Hold signal
DEBUG    httpcore.connection:_trace.py:47 close.started
DEBUG    httpcore.connection:_trace.py:47 close.complete
INFO     root:risk_manager.py:61 [RiskManager] Position size: 0.000120 @ $50000.00 = $6.00
INFO     root:risk_manager.py:69 [RiskManager] Updated - Daily P&L: $-11.00, Capital: $189.00
ERROR    root:risk_manager.py:46 [RiskManager] SHUTDOWN: Daily loss $11.00 exceeds limit $10.00
ERROR    root:sentiment.py:273 [SentimentSignal] GPT error for BTC/USD: API timeout
ERROR    root:sentiment.py:273 [SentimentSignal] GPT error for BTC/USD: Could not extract JSON from response: invalid json
INFO     root:sentiment.py:304 [SentimentSignal] Sending 3 headlines for BTC/USD to GPT
INFO     root:sentiment.py:323 [SentimentSignal] BTC/USD consolidated signal: HOLD — Mixed sentiment
INFO     root:sentiment.py:304 [SentimentSignal] Sending 2 headlines for BTC/USD to GPT
ERROR    root:sentiment.py:327 [SentimentSignal] GPT error for BTC/USD: API error
INFO     root:sentiment.py:304 [SentimentSignal] Sending 3 headlines for BTC/USD to GPT
INFO     root:sentiment.py:323 [SentimentSignal] BTC/USD consolidated signal: BUY — Positive overall
INFO     root:strategy_manager.py:39 [StrategyManager] Logging to data/strategy_signals.jsonl
INFO     root:strategy_manager.py:39 [StrategyManager] Logging to data/strategy_signals.jsonl
INFO     root:strategy_manager.py:66 [StrategyManager] Added strategy: custom
INFO     root:strategy_manager.py:39 [StrategyManager] Logging to data/strategy_signals.jsonl
INFO     root:strategy_manager.py:66 [StrategyManager] Added strategy: custom
INFO     root:strategy_manager.py:71 [StrategyManager] Removed strategy: custom
INFO     root:strategy_manager.py:39 [StrategyManager] Logging to data/strategy_signals.jsonl
INFO     root:strategy_manager.py:66 [StrategyManager] Added strategy: test
INFO     root:strategy_manager.py:87 [StrategyManager] Disabled strategy: test
INFO     root:strategy_manager.py:78 [StrategyManager] Enabled strategy: test
INFO     root:strategy_manager.py:39 [StrategyManager] Logging to data/strategy_signals.jsonl
INFO     root:strategy_manager.py:66 [StrategyManager] Added strategy: s1
INFO     root:strategy_manager.py:66 [StrategyManager] Added strategy: s2
INFO     root:strategy_manager.py:66 [StrategyManager] Added strategy: s3
INFO     root:strategy_manager.py:133 [s1] BTC/USD: BUY (conf: 0.80) - s1 signal
INFO     root:strategy_manager.py:133 [s2] BTC/USD: BUY (conf: 0.70) - s2 signal
INFO     root:strategy_manager.py:133 [s3] BTC/USD: BUY (conf: 0.90) - s3 signal
INFO     root:strategy_manager.py:245 [StrategyManager] DEBUG: signal=BUY, actionable_weight=3.0, hold_weight=0, raw_score=2.4
INFO     root:strategy_manager.py:163 [StrategyManager] Final signal for BTC/USD: BUY (conf: 0.80)
INFO     root:strategy_manager.py:39 [StrategyManager] Logging to data/strategy_signals.jsonl
INFO     root:strategy_manager.py:66 [StrategyManager] Added strategy: s1
INFO     root:strategy_manager.py:66 [StrategyManager] Added strategy: s2
INFO     root:strategy_manager.py:66 [StrategyManager] Added strategy: s3
INFO     root:strategy_manager.py:133 [s1] BTC/USD: BUY (conf: 0.80) - s1 signal
INFO     root:strategy_manager.py:133 [s2] BTC/USD: SELL (conf: 0.70) - s2 signal
INFO     root:strategy_manager.py:133 [s3] BTC/USD: BUY (conf: 0.90) - s3 signal
INFO     root:strategy_manager.py:245 [StrategyManager] DEBUG: signal=BUY, actionable_weight=3.0, hold_weight=0, raw_score=1.7000000000000002
INFO     root:strategy_manager.py:163 [StrategyManager] Final signal for BTC/USD: BUY (conf: 0.57)
INFO     root:strategy_manager.py:39 [StrategyManager] Logging to data/strategy_signals.jsonl
INFO     root:strategy_manager.py:66 [StrategyManager] Added strategy: s1
INFO     root:strategy_manager.py:66 [StrategyManager] Added strategy: s2
INFO     root:strategy_manager.py:133 [s1] BTC/USD: BUY (conf: 0.50) - s1 signal
INFO     root:strategy_manager.py:133 [s2] BTC/USD: BUY (conf: 0.40) - s2 signal
INFO     root:strategy_manager.py:245 [StrategyManager] DEBUG: signal=BUY, actionable_weight=2.0, hold_weight=0, raw_score=0.9
INFO     root:strategy_manager.py:163 [StrategyManager] Final signal for BTC/USD: BUY (conf: 0.45)
INFO     root:strategy_manager.py:200 [StrategyManager] Confidence 0.45 below threshold 0.7, converting to HOLD
INFO     root:strategy_manager.py:39 [StrategyManager] Logging to data/strategy_signals.jsonl
INFO     root:strategy_manager.py:66 [StrategyManager] Added strategy: s1
INFO     root:strategy_manager.py:66 [StrategyManager] Added strategy: s2
INFO     root:strategy_manager.py:66 [StrategyManager] Added strategy: s3
INFO     root:strategy_manager.py:133 [s1] BTC/USD: BUY (conf: 0.60) - s1 signal
INFO     root:strategy_manager.py:133 [s2] BTC/USD: SELL (conf: 0.90) - s2 signal
INFO     root:strategy_manager.py:133 [s3] BTC/USD: HOLD (conf: 0.50) - s3 signal
INFO     root:strategy_manager.py:163 [StrategyManager] Final signal for BTC/USD: SELL (conf: 0.90)
INFO     root:strategy_manager.py:39 [StrategyManager] Logging to data/strategy_signals.jsonl
INFO     root:strategy_manager.py:66 [StrategyManager] Added strategy: s1
INFO     root:strategy_manager.py:66 [StrategyManager] Added strategy: s2
INFO     root:strategy_manager.py:66 [StrategyManager] Added strategy: s3
INFO     root:strategy_manager.py:133 [s1] BTC/USD: BUY (conf: 0.70) - s1 signal
INFO     root:strategy_manager.py:133 [s2] BTC/USD: BUY (conf: 0.80) - s2 signal
INFO     root:strategy_manager.py:133 [s3] BTC/USD: BUY (conf: 0.90) - s3 signal
INFO     root:strategy_manager.py:163 [StrategyManager] Final signal for BTC/USD: BUY (conf: 0.80)
INFO     root:strategy_manager.py:39 [StrategyManager] Logging to data/strategy_signals.jsonl
INFO     root:strategy_manager.py:66 [StrategyManager] Added strategy: s1
INFO     root:strategy_manager.py:66 [StrategyManager] Added strategy: s2
INFO     root:strategy_manager.py:66 [StrategyManager] Added strategy: s3
INFO     root:strategy_manager.py:133 [s1] BTC/USD: BUY (conf: 0.80) - s1 signal
INFO     root:strategy_manager.py:133 [s2] BTC/USD: SELL (conf: 0.70) - s2 signal
INFO     root:strategy_manager.py:133 [s3] BTC/USD: BUY (conf: 0.90) - s3 signal
INFO     root:strategy_manager.py:163 [StrategyManager] Final signal for BTC/USD: HOLD (conf: 0.30)
INFO     root:strategy_manager.py:200 [StrategyManager] Confidence 0.30 below threshold 0.5, converting to HOLD
INFO     root:strategy_manager.py:39 [StrategyManager] Logging to data/strategy_signals.jsonl
INFO     root:strategy_manager.py:39 [StrategyManager] Logging to data/strategy_signals.jsonl
INFO     root:strategy_manager.py:335 [StrategyManager] Configuration updated
INFO     root:strategy_manager.py:39 [StrategyManager] Logging to data/strategy_signals.jsonl
INFO     root:strategy_manager.py:133 [sentiment] BTC/USD: BUY (conf: 0.60) - Sentiment: Keyword match (positive): Bitcoin adoption growing
INFO     root:strategy_manager.py:133 [technical] BTC/USD: SELL (conf: 0.47) - Technical: SMA: HOLD, RSI: SELL, Momentum: SELL
INFO     root:strategy_manager.py:133 [volume] BTC/USD: BUY (conf: 0.20) - Volume: Normal volume | No clear volume-price pattern | OBV rising (accumulation)
INFO     root:strategy_manager.py:245 [StrategyManager] DEBUG: signal=BUY, actionable_weight=2.8, hold_weight=0, raw_score=0.76
INFO     root:strategy_manager.py:163 [StrategyManager] Final signal for BTC/USD: BUY (conf: 0.27)
INFO     root:strategy_manager.py:200 [StrategyManager] Confidence 0.27 below threshold 0.5, converting to HOLD
INFO     root:strategy_manager.py:39 [StrategyManager] Logging to data/strategy_signals.jsonl
INFO     root:strategy_manager.py:133 [sentiment] BTC/USD: BUY (conf: 0.80) - Sentiment: Keyword match (positive): Bitcoin bullish
INFO     root:strategy_manager.py:133 [technical] BTC/USD: SELL (conf: 0.47) - Technical: SMA: HOLD, RSI: SELL, Momentum: SELL
INFO     root:strategy_manager.py:133 [volume] BTC/USD: BUY (conf: 0.20) - Volume: Normal volume | No clear volume-price pattern | OBV rising (accumulation)
INFO     root:strategy_manager.py:245 [StrategyManager] DEBUG: signal=BUY, actionable_weight=2.8, hold_weight=0, raw_score=0.9600000000000001
INFO     root:strategy_manager.py:163 [StrategyManager] Final signal for BTC/USD: BUY (conf: 0.34)
INFO     root:strategy_manager.py:200 [StrategyManager] Confidence 0.34 below threshold 0.5, converting to HOLD
INFO     root:strategy_manager.py:39 [StrategyManager] Logging to data/strategy_signals.jsonl
DEBUG    openai._base_client:_base_client.py:482 Request options: {'method': 'post', 'url': '/chat/completions', 'files': None, 'idempotency_key': 'stainless-python-retry-da84c34e-1b04-4c3c-8a0b-fe537a90dcfb', 'json_data': {'messages': [{'role': 'user', 'content': 'Given the headline: "Test headline" and the crypto symbol BTC/USD, determine the most appropriate trading signal from the options: BUY, HOLD, or SELL. Also explain briefly why. Your output should be a JSON object like: {"signal": "BUY", "reason": "High interest and positive news."}'}], 'model': 'gpt-4o-mini', 'max_tokens': 100, 'temperature': 0.2}}
DEBUG    openai._base_client:_base_client.py:978 Sending HTTP Request: POST https://api.openai.com/v1/chat/completions
DEBUG    httpcore.connection:_trace.py:47 connect_tcp.started host='api.openai.com' port=443 local_address=None timeout=5.0 socket_options=None
DEBUG    httpcore.connection:_trace.py:47 connect_tcp.complete return_value=<httpcore._backends.sync.SyncStream object at 0x77f7bad2aed0>
DEBUG    httpcore.connection:_trace.py:47 start_tls.started ssl_context=<ssl.SSLContext object at 0x77f7bad2e950> server_hostname='api.openai.com' timeout=5.0
DEBUG    httpcore.connection:_trace.py:47 start_tls.complete return_value=<httpcore._backends.sync.SyncStream object at 0x77f7bad29e80>
DEBUG    httpcore.http11:_trace.py:47 send_request_headers.started request=<Request [b'POST']>
DEBUG    httpcore.http11:_trace.py:47 send_request_headers.complete
DEBUG    httpcore.http11:_trace.py:47 send_request_body.started request=<Request [b'POST']>
DEBUG    httpcore.http11:_trace.py:47 send_request_body.complete
DEBUG    httpcore.http11:_trace.py:47 receive_response_headers.started request=<Request [b'POST']>
DEBUG    httpcore.http11:_trace.py:47 receive_response_headers.complete return_value=(b'HTTP/1.1', 200, b'OK', [(b'Date', b'Tue, 21 Oct 2025 15:48:48 GMT'), (b'Content-Type', b'application/json'), (b'Transfer-Encoding', b'chunked'), (b'Connection', b'keep-alive'), (b'access-control-expose-headers', b'X-Request-ID'), (b'openai-organization', b'user-6mwxkngxge9likbrzlxbfa92'), (b'openai-processing-ms', b'786'), (b'openai-project', b'proj_3jfjrR4jauJSvtuUZKgvj2Vp'), (b'openai-version', b'2020-10-01'), (b'x-envoy-upstream-service-time', b'970'), (b'x-ratelimit-limit-requests', b'10000'), (b'x-ratelimit-limit-tokens', b'200000'), (b'x-ratelimit-remaining-requests', b'9996'), (b'x-ratelimit-remaining-tokens', b'199927'), (b'x-ratelimit-reset-requests', b'32.924s'), (b'x-ratelimit-reset-tokens', b'21ms'), (b'x-request-id', b'req_4ca9a6f257604cd8a644591b451a9919'), (b'x-openai-proxy-wasm', b'v0.1'), (b'cf-cache-status', b'DYNAMIC'), (b'Set-Cookie', b'__cf_bm=1jRA1NGFPY_oS9n8tvylrX77Zjt7HUHpBol61r1QhkE-1761061728-1.0.1.1-Fvr7IB3HfNxdd7r.tymaGzvRF3RQcxYjOcrT9X1qiFP6q8OYxyM1gMsbMvyY0ZsC.nAVK0nLWiv7vEHfo0rpcjxc9OxFhV3mMgr_vG3DfPw; path=/; expires=Tue, 21-Oct-25 16:18:48 GMT; domain=.api.openai.com; HttpOnly; Secure; SameSite=None'), (b'Strict-Transport-Security', b'max-age=31536000; includeSubDomains; preload'), (b'X-Content-Type-Options', b'nosniff'), (b'Set-Cookie', b'_cfuvid=tEdMcqFdAtaDHFcv1IaQ9IJUBORsH3a2YmuyAt7Xsww-1761061728082-0.0.1.1-604800000; path=/; domain=.api.openai.com; HttpOnly; Secure; SameSite=None'), (b'Server', b'cloudflare'), (b'CF-RAY', b'9921e6b11b69e781-DFW'), (b'Content-Encoding', b'gzip'), (b'alt-svc', b'h3=":443"; ma=86400')])
INFO     httpx:_client.py:1025 HTTP Request: POST https://api.openai.com/v1/chat/completions "HTTP/1.1 200 OK"
DEBUG    httpcore.http11:_trace.py:47 receive_response_body.started request=<Request [b'POST']>
DEBUG    httpcore.http11:_trace.py:47 receive_response_body.complete
DEBUG    httpcore.http11:_trace.py:47 response_closed.started
DEBUG    httpcore.http11:_trace.py:47 response_closed.complete
DEBUG    openai._base_client:_base_client.py:1016 HTTP Response: POST https://api.openai.com/v1/chat/completions "200 OK" Headers([('date', 'Tue, 21 Oct 2025 15:48:48 GMT'), ('content-type', 'application/json'), ('transfer-encoding', 'chunked'), ('connection', 'keep-alive'), ('access-control-expose-headers', 'X-Request-ID'), ('openai-organization', 'user-6mwxkngxge9likbrzlxbfa92'), ('openai-processing-ms', '786'), ('openai-project', 'proj_3jfjrR4jauJSvtuUZKgvj2Vp'), ('openai-version', '2020-10-01'), ('x-envoy-upstream-service-time', '970'), ('x-ratelimit-limit-requests', '10000'), ('x-ratelimit-limit-tokens', '200000'), ('x-ratelimit-remaining-requests', '9996'), ('x-ratelimit-remaining-tokens', '199927'), ('x-ratelimit-reset-requests', '32.924s'), ('x-ratelimit-reset-tokens', '21ms'), ('x-request-id', 'req_4ca9a6f257604cd8a644591b451a9919'), ('x-openai-proxy-wasm', 'v0.1'), ('cf-cache-status', 'DYNAMIC'), ('set-cookie', '__cf_bm=1jRA1NGFPY_oS9n8tvylrX77Zjt7HUHpBol61r1QhkE-1761061728-1.0.1.1-Fvr7IB3HfNxdd7r.tymaGzvRF3RQcxYjOcrT9X1qiFP6q8OYxyM1gMsbMvyY0ZsC.nAVK0nLWiv7vEHfo0rpcjxc9OxFhV3mMgr_vG3DfPw; path=/; expires=Tue, 21-Oct-25 16:18:48 GMT; domain=.api.openai.com; HttpOnly; Secure; SameSite=None'), ('strict-transport-security', 'max-age=31536000; includeSubDomains; preload'), ('x-content-type-options', 'nosniff'), ('set-cookie', '_cfuvid=tEdMcqFdAtaDHFcv1IaQ9IJUBORsH3a2YmuyAt7Xsww-1761061728082-0.0.1.1-604800000; path=/; domain=.api.openai.com; HttpOnly; Secure; SameSite=None'), ('server', 'cloudflare'), ('cf-ray', '9921e6b11b69e781-DFW'), ('content-encoding', 'gzip'), ('alt-svc', 'h3=":443"; ma=86400')])
DEBUG    openai._base_client:_base_client.py:1024 request_id: req_4ca9a6f257604cd8a644591b451a9919
INFO     root:strategy_manager.py:133 [sentiment] BTC/USD: HOLD (conf: 0.30) - Sentiment: Market conditions are uncertain and no significant news suggests a clear direction.
INFO     root:strategy_manager.py:133 [technical] BTC/USD: SELL (conf: 0.27) - Technical: SMA: HOLD, RSI: SELL, Momentum: HOLD
INFO     root:strategy_manager.py:133 [volume] BTC/USD: HOLD (conf: 0.30) - Volume: Normal volume | No clear volume-price pattern | OBV neutral
INFO     root:strategy_manager.py:245 [StrategyManager] DEBUG: signal=HOLD, actionable_weight=1.0, hold_weight=1.8, raw_score=0.54
INFO     root:strategy_manager.py:163 [StrategyManager] Final signal for BTC/USD: HOLD (conf: 0.19)
INFO     root:strategy_manager.py:200 [StrategyManager] Confidence 0.19 below threshold 0.5, converting to HOLD
INFO     root:strategy_manager.py:39 [StrategyManager] Logging to data/strategy_signals.jsonl
DEBUG    openai._base_client:_base_client.py:482 Request options: {'method': 'post', 'url': '/chat/completions', 'files': None, 'idempotency_key': 'stainless-python-retry-7ef42192-dc56-457d-8293-8827f8e34be6', 'json_data': {'messages': [{'role': 'user', 'content': 'Given the headline: "Test" and the crypto symbol SYMBOL0/USD, determine the most appropriate trading signal from the options: BUY, HOLD, or SELL. Also explain briefly why. Your output should be a JSON object like: {"signal": "BUY", "reason": "High interest and positive news."}'}], 'model': 'gpt-4o-mini', 'max_tokens': 100, 'temperature': 0.2}}
DEBUG    openai._base_client:_base_client.py:978 Sending HTTP Request: POST https://api.openai.com/v1/chat/completions
DEBUG    httpcore.connection:_trace.py:47 connect_tcp.started host='api.openai.com' port=443 local_address=None timeout=5.0 socket_options=None
DEBUG    httpcore.connection:_trace.py:47 connect_tcp.complete return_value=<httpcore._backends.sync.SyncStream object at 0x77f7badb1d60>
DEBUG    httpcore.connection:_trace.py:47 start_tls.started ssl_context=<ssl.SSLContext object at 0x77f7bcb715d0> server_hostname='api.openai.com' timeout=5.0
DEBUG    httpcore.connection:_trace.py:47 start_tls.complete return_value=<httpcore._backends.sync.SyncStream object at 0x77f7badb2630>
DEBUG    httpcore.http11:_trace.py:47 send_request_headers.started request=<Request [b'POST']>
DEBUG    httpcore.http11:_trace.py:47 send_request_headers.complete
DEBUG    httpcore.http11:_trace.py:47 send_request_body.started request=<Request [b'POST']>
DEBUG    httpcore.http11:_trace.py:47 send_request_body.complete
DEBUG    httpcore.http11:_trace.py:47 receive_response_headers.started request=<Request [b'POST']>
DEBUG    httpcore.http11:_trace.py:47 receive_response_headers.complete return_value=(b'HTTP/1.1', 200, b'OK', [(b'Date', b'Tue, 21 Oct 2025 15:48:49 GMT'), (b'Content-Type', b'application/json'), (b'Transfer-Encoding', b'chunked'), (b'Connection', b'keep-alive'), (b'access-control-expose-headers', b'X-Request-ID'), (b'openai-organization', b'user-6mwxkngxge9likbrzlxbfa92'), (b'openai-processing-ms', b'772'), (b'openai-project', b'proj_3jfjrR4jauJSvtuUZKgvj2Vp'), (b'openai-version', b'2020-10-01'), (b'x-envoy-upstream-service-time', b'861'), (b'x-ratelimit-limit-requests', b'10000'), (b'x-ratelimit-limit-tokens', b'200000'), (b'x-ratelimit-remaining-requests', b'9995'), (b'x-ratelimit-remaining-tokens', b'199927'), (b'x-ratelimit-reset-requests', b'40.442s'), (b'x-ratelimit-reset-tokens', b'21ms'), (b'x-request-id', b'req_09a17378662d42d5a80c560631ba76ce'), (b'x-openai-proxy-wasm', b'v0.1'), (b'cf-cache-status', b'DYNAMIC'), (b'Set-Cookie', b'__cf_bm=9CjcKq.c3_J3YI8WFxj3xOkhSzml4L2Tqq.okLGaU4Y-1761061729-1.0.1.1-yng0IpH.Rk_sWSEqPendyI8TX4n6adlQ0YAqjOMnXY0EOTAYhRyf6jZYNTXjoSIIoqhlK7CBcCAA.2TlVnvgAz3ft029WCQgxkHN9arVvWM; path=/; expires=Tue, 21-Oct-25 16:18:49 GMT; domain=.api.openai.com; HttpOnly; Secure; SameSite=None'), (b'Strict-Transport-Security', b'max-age=31536000; includeSubDomains; preload'), (b'X-Content-Type-Options', b'nosniff'), (b'Set-Cookie', b'_cfuvid=lW2yeO2cYYWxGoIADpblAg.4EJZiLciEWb5JoB2rfM8-1761061729171-0.0.1.1-604800000; path=/; domain=.api.openai.com; HttpOnly; Secure; SameSite=None'), (b'Server', b'cloudflare'), (b'CF-RAY', b'9921e6b9abc0ddb1-DFW'), (b'Content-Encoding', b'gzip'), (b'alt-svc', b'h3=":443"; ma=86400')])
INFO     httpx:_client.py:1025 HTTP Request: POST https://api.openai.com/v1/chat/completions "HTTP/1.1 200 OK"
DEBUG    httpcore.http11:_trace.py:47 receive_response_body.started request=<Request [b'POST']>
DEBUG    httpcore.http11:_trace.py:47 receive_response_body.complete
DEBUG    httpcore.http11:_trace.py:47 response_closed.started
DEBUG    httpcore.http11:_trace.py:47 response_closed.complete
DEBUG    openai._base_client:_base_client.py:1016 HTTP Response: POST https://api.openai.com/v1/chat/completions "200 OK" Headers([('date', 'Tue, 21 Oct 2025 15:48:49 GMT'), ('content-type', 'application/json'), ('transfer-encoding', 'chunked'), ('connection', 'keep-alive'), ('access-control-expose-headers', 'X-Request-ID'), ('openai-organization', 'user-6mwxkngxge9likbrzlxbfa92'), ('openai-processing-ms', '772'), ('openai-project', 'proj_3jfjrR4jauJSvtuUZKgvj2Vp'), ('openai-version', '2020-10-01'), ('x-envoy-upstream-service-time', '861'), ('x-ratelimit-limit-requests', '10000'), ('x-ratelimit-limit-tokens', '200000'), ('x-ratelimit-remaining-requests', '9995'), ('x-ratelimit-remaining-tokens', '199927'), ('x-ratelimit-reset-requests', '40.442s'), ('x-ratelimit-reset-tokens', '21ms'), ('x-request-id', 'req_09a17378662d42d5a80c560631ba76ce'), ('x-openai-proxy-wasm', 'v0.1'), ('cf-cache-status', 'DYNAMIC'), ('set-cookie', '__cf_bm=9CjcKq.c3_J3YI8WFxj3xOkhSzml4L2Tqq.okLGaU4Y-1761061729-1.0.1.1-yng0IpH.Rk_sWSEqPendyI8TX4n6adlQ0YAqjOMnXY0EOTAYhRyf6jZYNTXjoSIIoqhlK7CBcCAA.2TlVnvgAz3ft029WCQgxkHN9arVvWM; path=/; expires=Tue, 21-Oct-25 16:18:49 GMT; domain=.api.openai.com; HttpOnly; Secure; SameSite=None'), ('strict-transport-security', 'max-age=31536000; includeSubDomains; preload'), ('x-content-type-options', 'nosniff'), ('set-cookie', '_cfuvid=lW2yeO2cYYWxGoIADpblAg.4EJZiLciEWb5JoB2rfM8-1761061729171-0.0.1.1-604800000; path=/; domain=.api.openai.com; HttpOnly; Secure; SameSite=None'), ('server', 'cloudflare'), ('cf-ray', '9921e6b9abc0ddb1-DFW'), ('content-encoding', 'gzip'), ('alt-svc', 'h3=":443"; ma=86400')])
DEBUG    openai._base_client:_base_client.py:1024 request_id: req_09a17378662d42d5a80c560631ba76ce
INFO     root:strategy_manager.py:133 [sentiment] SYMBOL0/USD: HOLD (conf: 0.30) - Sentiment: Insufficient information to determine a clear trend or market sentiment.
INFO     root:strategy_manager.py:133 [technical] SYMBOL0/USD: SELL (conf: 0.27) - Technical: SMA: HOLD, RSI: SELL, Momentum: HOLD
INFO     root:strategy_manager.py:133 [volume] SYMBOL0/USD: HOLD (conf: 0.30) - Volume: Normal volume | No clear volume-price pattern | OBV neutral
INFO     root:strategy_manager.py:245 [StrategyManager] DEBUG: signal=HOLD, actionable_weight=1.0, hold_weight=1.8, raw_score=0.54
INFO     root:strategy_manager.py:163 [StrategyManager] Final signal for SYMBOL0/USD: HOLD (conf: 0.19)
INFO     root:strategy_manager.py:200 [StrategyManager] Confidence 0.19 below threshold 0.5, converting to HOLD
DEBUG    openai._base_client:_base_client.py:482 Request options: {'method': 'post', 'url': '/chat/completions', 'files': None, 'idempotency_key': 'stainless-python-retry-c0c1d80e-fe9a-4c5f-a7ac-db99da22b39d', 'json_data': {'messages': [{'role': 'user', 'content': 'Given the headline: "Test" and the crypto symbol SYMBOL1/USD, determine the most appropriate trading signal from the options: BUY, HOLD, or SELL. Also explain briefly why. Your output should be a JSON object like: {"signal": "BUY", "reason": "High interest and positive news."}'}], 'model': 'gpt-4o-mini', 'max_tokens': 100, 'temperature': 0.2}}
DEBUG    openai._base_client:_base_client.py:978 Sending HTTP Request: POST https://api.openai.com/v1/chat/completions
DEBUG    httpcore.http11:_trace.py:47 send_request_headers.started request=<Request [b'POST']>
DEBUG    httpcore.http11:_trace.py:47 send_request_headers.complete
DEBUG    httpcore.http11:_trace.py:47 send_request_body.started request=<Request [b'POST']>
DEBUG    httpcore.http11:_trace.py:47 send_request_body.complete
DEBUG    httpcore.http11:_trace.py:47 receive_response_headers.started request=<Request [b'POST']>
DEBUG    httpcore.http11:_trace.py:47 receive_response_headers.complete return_value=(b'HTTP/1.1', 200, b'OK', [(b'Date', b'Tue, 21 Oct 2025 15:48:49 GMT'), (b'Content-Type', b'application/json'), (b'Transfer-Encoding', b'chunked'), (b'Connection', b'keep-alive'), (b'access-control-expose-headers', b'X-Request-ID'), (b'openai-organization', b'user-6mwxkngxge9likbrzlxbfa92'), (b'openai-processing-ms', b'577'), (b'openai-project', b'proj_3jfjrR4jauJSvtuUZKgvj2Vp'), (b'openai-version', b'2020-10-01'), (b'x-envoy-upstream-service-time', b'600'), (b'x-ratelimit-limit-requests', b'10000'), (b'x-ratelimit-limit-tokens', b'200000'), (b'x-ratelimit-remaining-requests', b'9995'), (b'x-ratelimit-remaining-tokens', b'199928'), (b'x-ratelimit-reset-requests', b'39.549s'), (b'x-ratelimit-reset-tokens', b'21ms'), (b'x-request-id', b'req_a55eb8c2c65e488791a543dad94e7216'), (b'x-openai-proxy-wasm', b'v0.1'), (b'cf-cache-status', b'DYNAMIC'), (b'Strict-Transport-Security', b'max-age=31536000; includeSubDomains; preload'), (b'X-Content-Type-Options', b'nosniff'), (b'Server', b'cloudflare'), (b'CF-RAY', b'9921e6bfa887ddb1-DFW'), (b'Content-Encoding', b'gzip'), (b'alt-svc', b'h3=":443"; ma=86400')])
INFO     httpx:_client.py:1025 HTTP Request: POST https://api.openai.com/v1/chat/completions "HTTP/1.1 200 OK"
DEBUG    httpcore.http11:_trace.py:47 receive_response_body.started request=<Request [b'POST']>
DEBUG    httpcore.http11:_trace.py:47 receive_response_body.complete
DEBUG    httpcore.http11:_trace.py:47 response_closed.started
DEBUG    httpcore.http11:_trace.py:47 response_closed.complete
DEBUG    openai._base_client:_base_client.py:1016 HTTP Response: POST https://api.openai.com/v1/chat/completions "200 OK" Headers({'date': 'Tue, 21 Oct 2025 15:48:49 GMT', 'content-type': 'application/json', 'transfer-encoding': 'chunked', 'connection': 'keep-alive', 'access-control-expose-headers': 'X-Request-ID', 'openai-organization': 'user-6mwxkngxge9likbrzlxbfa92', 'openai-processing-ms': '577', 'openai-project': 'proj_3jfjrR4jauJSvtuUZKgvj2Vp', 'openai-version': '2020-10-01', 'x-envoy-upstream-service-time': '600', 'x-ratelimit-limit-requests': '10000', 'x-ratelimit-limit-tokens': '200000', 'x-ratelimit-remaining-requests': '9995', 'x-ratelimit-remaining-tokens': '199928', 'x-ratelimit-reset-requests': '39.549s', 'x-ratelimit-reset-tokens': '21ms', 'x-request-id': 'req_a55eb8c2c65e488791a543dad94e7216', 'x-openai-proxy-wasm': 'v0.1', 'cf-cache-status': 'DYNAMIC', 'strict-transport-security': 'max-age=31536000; includeSubDomains; preload', 'x-content-type-options': 'nosniff', 'server': 'cloudflare', 'cf-ray': '9921e6bfa887ddb1-DFW', 'content-encoding': 'gzip', 'alt-svc': 'h3=":443"; ma=86400'})
DEBUG    openai._base_client:_base_client.py:1024 request_id: req_a55eb8c2c65e488791a543dad94e7216
INFO     root:strategy_manager.py:133 [sentiment] SYMBOL1/USD: HOLD (conf: 0.30) - Sentiment: Insufficient information to determine a clear market trend.
INFO     root:strategy_manager.py:133 [technical] SYMBOL1/USD: SELL (conf: 0.27) - Technical: SMA: HOLD, RSI: SELL, Momentum: HOLD
INFO     root:strategy_manager.py:133 [volume] SYMBOL1/USD: HOLD (conf: 0.30) - Volume: Normal volume | No clear volume-price pattern | OBV neutral
INFO     root:strategy_manager.py:245 [StrategyManager] DEBUG: signal=HOLD, actionable_weight=1.0, hold_weight=1.8, raw_score=0.54
INFO     root:strategy_manager.py:163 [StrategyManager] Final signal for SYMBOL1/USD: HOLD (conf: 0.19)
INFO     root:strategy_manager.py:200 [StrategyManager] Confidence 0.19 below threshold 0.5, converting to HOLD
DEBUG    openai._base_client:_base_client.py:482 Request options: {'method': 'post', 'url': '/chat/completions', 'files': None, 'idempotency_key': 'stainless-python-retry-e9032824-d641-40cb-93f5-1345b5134eef', 'json_data': {'messages': [{'role': 'user', 'content': 'Given the headline: "Test" and the crypto symbol SYMBOL2/USD, determine the most appropriate trading signal from the options: BUY, HOLD, or SELL. Also explain briefly why. Your output should be a JSON object like: {"signal": "BUY", "reason": "High interest and positive news."}'}], 'model': 'gpt-4o-mini', 'max_tokens': 100, 'temperature': 0.2}}
DEBUG    openai._base_client:_base_client.py:978 Sending HTTP Request: POST https://api.openai.com/v1/chat/completions
DEBUG    httpcore.http11:_trace.py:47 send_request_headers.started request=<Request [b'POST']>
DEBUG    httpcore.http11:_trace.py:47 send_request_headers.complete
DEBUG    httpcore.http11:_trace.py:47 send_request_body.started request=<Request [b'POST']>
DEBUG    httpcore.http11:_trace.py:47 send_request_body.complete
DEBUG    httpcore.http11:_trace.py:47 receive_response_headers.started request=<Request [b'POST']>
DEBUG    httpcore.http11:_trace.py:47 receive_response_headers.complete return_value=(b'HTTP/1.1', 200, b'OK', [(b'Date', b'Tue, 21 Oct 2025 15:48:51 GMT'), (b'Content-Type', b'application/json'), (b'Transfer-Encoding', b'chunked'), (b'Connection', b'keep-alive'), (b'access-control-expose-headers', b'X-Request-ID'), (b'openai-organization', b'user-6mwxkngxge9likbrzlxbfa92'), (b'openai-processing-ms', b'1312'), (b'openai-project', b'proj_3jfjrR4jauJSvtuUZKgvj2Vp'), (b'openai-version', b'2020-10-01'), (b'x-envoy-upstream-service-time', b'1353'), (b'x-ratelimit-limit-requests', b'10000'), (b'x-ratelimit-limit-tokens', b'200000'), (b'x-ratelimit-remaining-requests', b'9993'), (b'x-ratelimit-remaining-tokens', b'199928'), (b'x-ratelimit-reset-requests', b'56.136s'), (b'x-ratelimit-reset-tokens', b'21ms'), (b'x-request-id', b'req_ce995b922b314068a35374a38a03ce00'), (b'x-openai-proxy-wasm', b'v0.1'), (b'cf-cache-status', b'DYNAMIC'), (b'Strict-Transport-Security', b'max-age=31536000; includeSubDomains; preload'), (b'X-Content-Type-Options', b'nosniff'), (b'Server', b'cloudflare'), (b'CF-RAY', b'9921e6c3ef52ddb1-DFW'), (b'Content-Encoding', b'gzip'), (b'alt-svc', b'h3=":443"; ma=86400')])
INFO     httpx:_client.py:1025 HTTP Request: POST https://api.openai.com/v1/chat/completions "HTTP/1.1 200 OK"
DEBUG    httpcore.http11:_trace.py:47 receive_response_body.started request=<Request [b'POST']>
DEBUG    httpcore.http11:_trace.py:47 receive_response_body.complete
DEBUG    httpcore.http11:_trace.py:47 response_closed.started
DEBUG    httpcore.http11:_trace.py:47 response_closed.complete
DEBUG    openai._base_client:_base_client.py:1016 HTTP Response: POST https://api.openai.com/v1/chat/completions "200 OK" Headers({'date': 'Tue, 21 Oct 2025 15:48:51 GMT', 'content-type': 'application/json', 'transfer-encoding': 'chunked', 'connection': 'keep-alive', 'access-control-expose-headers': 'X-Request-ID', 'openai-organization': 'user-6mwxkngxge9likbrzlxbfa92', 'openai-processing-ms': '1312', 'openai-project': 'proj_3jfjrR4jauJSvtuUZKgvj2Vp', 'openai-version': '2020-10-01', 'x-envoy-upstream-service-time': '1353', 'x-ratelimit-limit-requests': '10000', 'x-ratelimit-limit-tokens': '200000', 'x-ratelimit-remaining-requests': '9993', 'x-ratelimit-remaining-tokens': '199928', 'x-ratelimit-reset-requests': '56.136s', 'x-ratelimit-reset-tokens': '21ms', 'x-request-id': 'req_ce995b922b314068a35374a38a03ce00', 'x-openai-proxy-wasm': 'v0.1', 'cf-cache-status': 'DYNAMIC', 'strict-transport-security': 'max-age=31536000; includeSubDomains; preload', 'x-content-type-options': 'nosniff', 'server': 'cloudflare', 'cf-ray': '9921e6c3ef52ddb1-DFW', 'content-encoding': 'gzip', 'alt-svc': 'h3=":443"; ma=86400'})
DEBUG    openai._base_client:_base_client.py:1024 request_id: req_ce995b922b314068a35374a38a03ce00
INFO     root:strategy_manager.py:133 [sentiment] SYMBOL2/USD: HOLD (conf: 0.30) - Sentiment: Insufficient information to determine a clear trend or sentiment.
INFO     root:strategy_manager.py:133 [technical] SYMBOL2/USD: SELL (conf: 0.27) - Technical: SMA: HOLD, RSI: SELL, Momentum: HOLD
INFO     root:strategy_manager.py:133 [volume] SYMBOL2/USD: HOLD (conf: 0.30) - Volume: Normal volume | No clear volume-price pattern | OBV neutral
INFO     root:strategy_manager.py:245 [StrategyManager] DEBUG: signal=HOLD, actionable_weight=1.0, hold_weight=1.8, raw_score=0.54
INFO     root:strategy_manager.py:163 [StrategyManager] Final signal for SYMBOL2/USD: HOLD (conf: 0.19)
INFO     root:strategy_manager.py:200 [StrategyManager] Confidence 0.19 below threshold 0.5, converting to HOLD
INFO     root:strategy_manager.py:39 [StrategyManager] Logging to data/strategy_signals.jsonl
DEBUG    openai._base_client:_base_client.py:482 Request options: {'method': 'post', 'url': '/chat/completions', 'files': None, 'idempotency_key': 'stainless-python-retry-b5cd5ac4-3b9e-4b39-8c0c-2124985e189d', 'json_data': {'messages': [{'role': 'user', 'content': 'Given the headline: "Bitcoin positive news" and the crypto symbol BTC/USD, determine the most appropriate trading signal from the options: BUY, HOLD, or SELL. Also explain briefly why. Your output should be a JSON object like: {"signal": "BUY", "reason": "High interest and positive news."}'}], 'model': 'gpt-4o-mini', 'max_tokens': 100, 'temperature': 0.2}}
DEBUG    openai._base_client:_base_client.py:978 Sending HTTP Request: POST https://api.openai.com/v1/chat/completions
DEBUG    httpcore.connection:_trace.py:47 connect_tcp.started host='api.openai.com' port=443 local_address=None timeout=5.0 socket_options=None
DEBUG    httpcore.connection:_trace.py:47 connect_tcp.complete return_value=<httpcore._backends.sync.SyncStream object at 0x77f7bad63530>
DEBUG    httpcore.connection:_trace.py:47 start_tls.started ssl_context=<ssl.SSLContext object at 0x77f7bcb926d0> server_hostname='api.openai.com' timeout=5.0
DEBUG    httpcore.connection:_trace.py:47 start_tls.complete return_value=<httpcore._backends.sync.SyncStream object at 0x77f7bad61c70>
DEBUG    httpcore.http11:_trace.py:47 send_request_headers.started request=<Request [b'POST']>
DEBUG    httpcore.http11:_trace.py:47 send_request_headers.complete
DEBUG    httpcore.connection:_trace.py:47 close.started
DEBUG    httpcore.connection:_trace.py:47 close.complete
DEBUG    httpcore.http11:_trace.py:47 send_request_body.started request=<Request [b'POST']>
DEBUG    httpcore.http11:_trace.py:47 send_request_body.complete
DEBUG    httpcore.http11:_trace.py:47 receive_response_headers.started request=<Request [b'POST']>
DEBUG    httpcore.http11:_trace.py:47 receive_response_headers.complete return_value=(b'HTTP/1.1', 200, b'OK', [(b'Date', b'Tue, 21 Oct 2025 15:48:52 GMT'), (b'Content-Type', b'application/json'), (b'Transfer-Encoding', b'chunked'), (b'Connection', b'keep-alive'), (b'access-control-expose-headers', b'X-Request-ID'), (b'openai-organization', b'user-6mwxkngxge9likbrzlxbfa92'), (b'openai-processing-ms', b'1097'), (b'openai-project', b'proj_3jfjrR4jauJSvtuUZKgvj2Vp'), (b'openai-version', b'2020-10-01'), (b'x-envoy-upstream-service-time', b'1344'), (b'x-ratelimit-limit-requests', b'10000'), (b'x-ratelimit-limit-tokens', b'200000'), (b'x-ratelimit-remaining-requests', b'9996'), (b'x-ratelimit-remaining-tokens', b'199925'), (b'x-ratelimit-reset-requests', b'28.363s'), (b'x-ratelimit-reset-tokens', b'22ms'), (b'x-request-id', b'req_11e52a6bd5e34c68822d7cddd82cb319'), (b'x-openai-proxy-wasm', b'v0.1'), (b'cf-cache-status', b'DYNAMIC'), (b'Set-Cookie', b'__cf_bm=.XgNfuQQDPEk4nJ6lQL9bZUbLySiNDIHhhQS.CkMVRQ-1761061732-1.0.1.1-LYvK7Yk7rr0CRqbMtITocU4RHVS6DO78HA2ETKmEqe0XuHxuT1VFziR3bt3j_Z1kvVlQlV3ucncEHyC6zf9DTVHE9unpm0PBbKYtED36WPE; path=/; expires=Tue, 21-Oct-25 16:18:52 GMT; domain=.api.openai.com; HttpOnly; Secure; SameSite=None'), (b'Strict-Transport-Security', b'max-age=31536000; includeSubDomains; preload'), (b'X-Content-Type-Options', b'nosniff'), (b'Set-Cookie', b'_cfuvid=WFQVVFaE0UGDlukpzuEbzlCcXaGFCgBtDsqhqmIgXW8-1761061732966-0.0.1.1-604800000; path=/; domain=.api.openai.com; HttpOnly; Secure; SameSite=None'), (b'Server', b'cloudflare'), (b'CF-RAY', b'9921e6ce2a7a66e3-DFW'), (b'Content-Encoding', b'gzip'), (b'alt-svc', b'h3=":443"; ma=86400')])
INFO     httpx:_client.py:1025 HTTP Request: POST https://api.openai.com/v1/chat/completions "HTTP/1.1 200 OK"
DEBUG    httpcore.http11:_trace.py:47 receive_response_body.started request=<Request [b'POST']>
DEBUG    httpcore.http11:_trace.py:47 receive_response_body.complete
DEBUG    httpcore.http11:_trace.py:47 response_closed.started
DEBUG    httpcore.http11:_trace.py:47 response_closed.complete
DEBUG    openai._base_client:_base_client.py:1016 HTTP Response: POST https://api.openai.com/v1/chat/completions "200 OK" Headers([('date', 'Tue, 21 Oct 2025 15:48:52 GMT'), ('content-type', 'application/json'), ('transfer-encoding', 'chunked'), ('connection', 'keep-alive'), ('access-control-expose-headers', 'X-Request-ID'), ('openai-organization', 'user-6mwxkngxge9likbrzlxbfa92'), ('openai-processing-ms', '1097'), ('openai-project', 'proj_3jfjrR4jauJSvtuUZKgvj2Vp'), ('openai-version', '2020-10-01'), ('x-envoy-upstream-service-time', '1344'), ('x-ratelimit-limit-requests', '10000'), ('x-ratelimit-limit-tokens', '200000'), ('x-ratelimit-remaining-requests', '9996'), ('x-ratelimit-remaining-tokens', '199925'), ('x-ratelimit-reset-requests', '28.363s'), ('x-ratelimit-reset-tokens', '22ms'), ('x-request-id', 'req_11e52a6bd5e34c68822d7cddd82cb319'), ('x-openai-proxy-wasm', 'v0.1'), ('cf-cache-status', 'DYNAMIC'), ('set-cookie', '__cf_bm=.XgNfuQQDPEk4nJ6lQL9bZUbLySiNDIHhhQS.CkMVRQ-1761061732-1.0.1.1-LYvK7Yk7rr0CRqbMtITocU4RHVS6DO78HA2ETKmEqe0XuHxuT1VFziR3bt3j_Z1kvVlQlV3ucncEHyC6zf9DTVHE9unpm0PBbKYtED36WPE; path=/; expires=Tue, 21-Oct-25 16:18:52 GMT; domain=.api.openai.com; HttpOnly; Secure; SameSite=None'), ('strict-transport-security', 'max-age=31536000; includeSubDomains; preload'), ('x-content-type-options', 'nosniff'), ('set-cookie', '_cfuvid=WFQVVFaE0UGDlukpzuEbzlCcXaGFCgBtDsqhqmIgXW8-1761061732966-0.0.1.1-604800000; path=/; domain=.api.openai.com; HttpOnly; Secure; SameSite=None'), ('server', 'cloudflare'), ('cf-ray', '9921e6ce2a7a66e3-DFW'), ('content-encoding', 'gzip'), ('alt-svc', 'h3=":443"; ma=86400')])
DEBUG    openai._base_client:_base_client.py:1024 request_id: req_11e52a6bd5e34c68822d7cddd82cb319
INFO     root:strategy_manager.py:133 [sentiment] BTC/USD: BUY (conf: 0.60) - Sentiment: Positive news typically boosts investor confidence, likely leading to an increase in Bitcoin's price.
INFO     root:strategy_manager.py:133 [technical] BTC/USD: SELL (conf: 0.47) - Technical: SMA: HOLD, RSI: SELL, Momentum: SELL
INFO     root:strategy_manager.py:133 [volume] BTC/USD: BUY (conf: 0.20) - Volume: Normal volume | No clear volume-price pattern | OBV rising (accumulation)
INFO     root:strategy_manager.py:245 [StrategyManager] DEBUG: signal=BUY, actionable_weight=2.8, hold_weight=0, raw_score=0.76
INFO     root:strategy_manager.py:163 [StrategyManager] Final signal for BTC/USD: BUY (conf: 0.27)
INFO     root:strategy_manager.py:200 [StrategyManager] Confidence 0.27 below threshold 0.5, converting to HOLD
DEBUG    openai._base_client:_base_client.py:482 Request options: {'method': 'post', 'url': '/chat/completions', 'files': None, 'idempotency_key': 'stainless-python-retry-f4b8f4e8-9c1d-4c69-8c60-93beb366b80b', 'json_data': {'messages': [{'role': 'user', 'content': 'Given the headline: "Bitcoin positive news" and the crypto symbol BTC/USD, determine the most appropriate trading signal from the options: BUY, HOLD, or SELL. Also explain briefly why. Your output should be a JSON object like: {"signal": "BUY", "reason": "High interest and positive news."}'}], 'model': 'gpt-4o-mini', 'max_tokens': 100, 'temperature': 0.2}}
DEBUG    openai._base_client:_base_client.py:978 Sending HTTP Request: POST https://api.openai.com/v1/chat/completions
DEBUG    httpcore.http11:_trace.py:47 send_request_headers.started request=<Request [b'POST']>
DEBUG    httpcore.http11:_trace.py:47 send_request_headers.complete
DEBUG    httpcore.http11:_trace.py:47 send_request_body.started request=<Request [b'POST']>
DEBUG    httpcore.http11:_trace.py:47 send_request_body.complete
DEBUG    httpcore.http11:_trace.py:47 receive_response_headers.started request=<Request [b'POST']>
DEBUG    httpcore.http11:_trace.py:47 receive_response_headers.complete return_value=(b'HTTP/1.1', 200, b'OK', [(b'Date', b'Tue, 21 Oct 2025 15:48:53 GMT'), (b'Content-Type', b'application/json'), (b'Transfer-Encoding', b'chunked'), (b'Connection', b'keep-alive'), (b'access-control-expose-headers', b'X-Request-ID'), (b'openai-organization', b'user-6mwxkngxge9likbrzlxbfa92'), (b'openai-processing-ms', b'809'), (b'openai-project', b'proj_3jfjrR4jauJSvtuUZKgvj2Vp'), (b'openai-version', b'2020-10-01'), (b'x-envoy-upstream-service-time', b'824'), (b'x-ratelimit-limit-requests', b'10000'), (b'x-ratelimit-limit-tokens', b'200000'), (b'x-ratelimit-remaining-requests', b'9991'), (b'x-ratelimit-remaining-tokens', b'199925'), (b'x-ratelimit-reset-requests', b'1m10.283s'), (b'x-ratelimit-reset-tokens', b'22ms'), (b'x-request-id', b'req_03f98871642d452eb90e4a28c87c1f28'), (b'x-openai-proxy-wasm', b'v0.1'), (b'cf-cache-status', b'DYNAMIC'), (b'Strict-Transport-Security', b'max-age=31536000; includeSubDomains; preload'), (b'X-Content-Type-Options', b'nosniff'), (b'Server', b'cloudflare'), (b'CF-RAY', b'9921e6d75f2d66e3-DFW'), (b'Content-Encoding', b'gzip'), (b'alt-svc', b'h3=":443"; ma=86400')])
INFO     httpx:_client.py:1025 HTTP Request: POST https://api.openai.com/v1/chat/completions "HTTP/1.1 200 OK"
DEBUG    httpcore.http11:_trace.py:47 receive_response_body.started request=<Request [b'POST']>
DEBUG    httpcore.http11:_trace.py:47 receive_response_body.complete
DEBUG    httpcore.http11:_trace.py:47 response_closed.started
DEBUG    httpcore.http11:_trace.py:47 response_closed.complete
DEBUG    openai._base_client:_base_client.py:1016 HTTP Response: POST https://api.openai.com/v1/chat/completions "200 OK" Headers({'date': 'Tue, 21 Oct 2025 15:48:53 GMT', 'content-type': 'application/json', 'transfer-encoding': 'chunked', 'connection': 'keep-alive', 'access-control-expose-headers': 'X-Request-ID', 'openai-organization': 'user-6mwxkngxge9likbrzlxbfa92', 'openai-processing-ms': '809', 'openai-project': 'proj_3jfjrR4jauJSvtuUZKgvj2Vp', 'openai-version': '2020-10-01', 'x-envoy-upstream-service-time': '824', 'x-ratelimit-limit-requests': '10000', 'x-ratelimit-limit-tokens': '200000', 'x-ratelimit-remaining-requests': '9991', 'x-ratelimit-remaining-tokens': '199925', 'x-ratelimit-reset-requests': '1m10.283s', 'x-ratelimit-reset-tokens': '22ms', 'x-request-id': 'req_03f98871642d452eb90e4a28c87c1f28', 'x-openai-proxy-wasm': 'v0.1', 'cf-cache-status': 'DYNAMIC', 'strict-transport-security': 'max-age=31536000; includeSubDomains; preload', 'x-content-type-options': 'nosniff', 'server': 'cloudflare', 'cf-ray': '9921e6d75f2d66e3-DFW', 'content-encoding': 'gzip', 'alt-svc': 'h3=":443"; ma=86400'})
DEBUG    openai._base_client:_base_client.py:1024 request_id: req_03f98871642d452eb90e4a28c87c1f28
INFO     root:strategy_manager.py:133 [sentiment] BTC/USD: BUY (conf: 0.60) - Sentiment: Positive news typically boosts investor confidence and demand, likely leading to price increases.
INFO     root:strategy_manager.py:133 [technical] BTC/USD: SELL (conf: 0.47) - Technical: SMA: HOLD, RSI: SELL, Momentum: SELL
INFO     root:strategy_manager.py:133 [volume] BTC/USD: BUY (conf: 0.20) - Volume: Normal volume | No clear volume-price pattern | OBV rising (accumulation)
INFO     root:strategy_manager.py:245 [StrategyManager] DEBUG: signal=BUY, actionable_weight=2.8, hold_weight=0, raw_score=0.76
INFO     root:strategy_manager.py:163 [StrategyManager] Final signal for BTC/USD: BUY (conf: 0.27)
INFO     root:strategy_manager.py:200 [StrategyManager] Confidence 0.27 below threshold 0.5, converting to HOLD
INFO     root:strategy_manager.py:39 [StrategyManager] Logging to data/strategy_signals.jsonl
WARNING  root:strategy_manager.py:196 ⚠️  Signal logging failed: Simulated logging failure
INFO     root:strategy_manager.py:39 [StrategyManager] Logging to data/strategy_signals.jsonl
DEBUG    openai._base_client:_base_client.py:482 Request options: {'method': 'post', 'url': '/chat/completions', 'files': None, 'idempotency_key': 'stainless-python-retry-67cedade-1bbe-4928-a557-511b77943004', 'json_data': {'messages': [{'role': 'user', 'content': 'Given the headline: "Test" and the crypto symbol BTC/USD, determine the most appropriate trading signal from the options: BUY, HOLD, or SELL. Also explain briefly why. Your output should be a JSON object like: {"signal": "BUY", "reason": "High interest and positive news."}'}], 'model': 'gpt-4o-mini', 'max_tokens': 100, 'temperature': 0.2}}
DEBUG    openai._base_client:_base_client.py:978 Sending HTTP Request: POST https://api.openai.com/v1/chat/completions
DEBUG    httpcore.connection:_trace.py:47 connect_tcp.started host='api.openai.com' port=443 local_address=None timeout=5.0 socket_options=None
DEBUG    httpcore.connection:_trace.py:47 connect_tcp.complete return_value=<httpcore._backends.sync.SyncStream object at 0x77f7bad63f50>
DEBUG    httpcore.connection:_trace.py:47 start_tls.started ssl_context=<ssl.SSLContext object at 0x77f7bcb910d0> server_hostname='api.openai.com' timeout=5.0
DEBUG    httpcore.connection:_trace.py:47 start_tls.complete return_value=<httpcore._backends.sync.SyncStream object at 0x77f7bad63980>
DEBUG    httpcore.http11:_trace.py:47 send_request_headers.started request=<Request [b'POST']>
DEBUG    httpcore.http11:_trace.py:47 send_request_headers.complete
DEBUG    httpcore.http11:_trace.py:47 send_request_body.started request=<Request [b'POST']>
DEBUG    httpcore.http11:_trace.py:47 send_request_body.complete
DEBUG    httpcore.http11:_trace.py:47 receive_response_headers.started request=<Request [b'POST']>
DEBUG    httpcore.http11:_trace.py:47 receive_response_headers.complete return_value=(b'HTTP/1.1', 200, b'OK', [(b'Date', b'Tue, 21 Oct 2025 15:48:56 GMT'), (b'Content-Type', b'application/json'), (b'Transfer-Encoding', b'chunked'), (b'Connection', b'keep-alive'), (b'access-control-expose-headers', b'X-Request-ID'), (b'openai-organization', b'user-6mwxkngxge9likbrzlxbfa92'), (b'openai-processing-ms', b'947'), (b'openai-project', b'proj_3jfjrR4jauJSvtuUZKgvj2Vp'), (b'openai-version', b'2020-10-01'), (b'x-envoy-upstream-service-time', b'990'), (b'x-ratelimit-limit-requests', b'10000'), (b'x-ratelimit-limit-tokens', b'200000'), (b'x-ratelimit-remaining-requests', b'9990'), (b'x-ratelimit-remaining-tokens', b'199929'), (b'x-ratelimit-reset-requests', b'1m24.918s'), (b'x-ratelimit-reset-tokens', b'21ms'), (b'x-request-id', b'req_01924721ce054e73bf271b846586818f'), (b'x-openai-proxy-wasm', b'v0.1'), (b'cf-cache-status', b'DYNAMIC'), (b'Set-Cookie', b'__cf_bm=vjCE6blAalcyG_VmRkoGnrqXb4CULFilLpuSJuDmXRU-1761061736-1.0.1.1-CPahW1deHZquO7pAkOqKLDgy4gI6qoR3mJoFiJArOkTyo3zWPJ1T2kTU9T_51s.sm2wwkPclGXp93X5REwRqXMWb5xlPcso7.MxdggB._mU; path=/; expires=Tue, 21-Oct-25 16:18:56 GMT; domain=.api.openai.com; HttpOnly; Secure; SameSite=None'), (b'Strict-Transport-Security', b'max-age=31536000; includeSubDomains; preload'), (b'X-Content-Type-Options', b'nosniff'), (b'Set-Cookie', b'_cfuvid=LkLe6COwIzG8Yi4WeXqXSYz8WSt.tDQLaqzKjhuYhPE-1761061736742-0.0.1.1-604800000; path=/; domain=.api.openai.com; HttpOnly; Secure; SameSite=None'), (b'Server', b'cloudflare'), (b'CF-RAY', b'9921e6e7e8f726ce-DFW'), (b'Content-Encoding', b'gzip'), (b'alt-svc', b'h3=":443"; ma=86400')])
INFO     httpx:_client.py:1025 HTTP Request: POST https://api.openai.com/v1/chat/completions "HTTP/1.1 200 OK"
DEBUG    httpcore.http11:_trace.py:47 receive_response_body.started request=<Request [b'POST']>
DEBUG    httpcore.http11:_trace.py:47 receive_response_body.complete
DEBUG    httpcore.http11:_trace.py:47 response_closed.started
DEBUG    httpcore.http11:_trace.py:47 response_closed.complete
DEBUG    openai._base_client:_base_client.py:1016 HTTP Response: POST https://api.openai.com/v1/chat/completions "200 OK" Headers([('date', 'Tue, 21 Oct 2025 15:48:56 GMT'), ('content-type', 'application/json'), ('transfer-encoding', 'chunked'), ('connection', 'keep-alive'), ('access-control-expose-headers', 'X-Request-ID'), ('openai-organization', 'user-6mwxkngxge9likbrzlxbfa92'), ('openai-processing-ms', '947'), ('openai-project', 'proj_3jfjrR4jauJSvtuUZKgvj2Vp'), ('openai-version', '2020-10-01'), ('x-envoy-upstream-service-time', '990'), ('x-ratelimit-limit-requests', '10000'), ('x-ratelimit-limit-tokens', '200000'), ('x-ratelimit-remaining-requests', '9990'), ('x-ratelimit-remaining-tokens', '199929'), ('x-ratelimit-reset-requests', '1m24.918s'), ('x-ratelimit-reset-tokens', '21ms'), ('x-request-id', 'req_01924721ce054e73bf271b846586818f'), ('x-openai-proxy-wasm', 'v0.1'), ('cf-cache-status', 'DYNAMIC'), ('set-cookie', '__cf_bm=vjCE6blAalcyG_VmRkoGnrqXb4CULFilLpuSJuDmXRU-1761061736-1.0.1.1-CPahW1deHZquO7pAkOqKLDgy4gI6qoR3mJoFiJArOkTyo3zWPJ1T2kTU9T_51s.sm2wwkPclGXp93X5REwRqXMWb5xlPcso7.MxdggB._mU; path=/; expires=Tue, 21-Oct-25 16:18:56 GMT; domain=.api.openai.com; HttpOnly; Secure; SameSite=None'), ('strict-transport-security', 'max-age=31536000; includeSubDomains; preload'), ('x-content-type-options', 'nosniff'), ('set-cookie', '_cfuvid=LkLe6COwIzG8Yi4WeXqXSYz8WSt.tDQLaqzKjhuYhPE-1761061736742-0.0.1.1-604800000; path=/; domain=.api.openai.com; HttpOnly; Secure; SameSite=None'), ('server', 'cloudflare'), ('cf-ray', '9921e6e7e8f726ce-DFW'), ('content-encoding', 'gzip'), ('alt-svc', 'h3=":443"; ma=86400')])
DEBUG    openai._base_client:_base_client.py:1024 request_id: req_01924721ce054e73bf271b846586818f
INFO     root:strategy_manager.py:133 [sentiment] BTC/USD: HOLD (conf: 0.30) - Sentiment: Market uncertainty and lack of significant news.
INFO     root:strategy_manager.py:133 [technical] BTC/USD: HOLD (conf: 0.00) - No price data available
INFO     root:strategy_manager.py:133 [volume] BTC/USD: HOLD (conf: 0.00) - No volume data available
INFO     root:strategy_manager.py:245 [StrategyManager] DEBUG: signal=HOLD, actionable_weight=0, hold_weight=2.8, raw_score=0.3
INFO     root:strategy_manager.py:163 [StrategyManager] Final signal for BTC/USD: HOLD (conf: 0.11)
INFO     root:strategy_manager.py:200 [StrategyManager] Confidence 0.11 below threshold 0.5, converting to HOLD
INFO     root:strategy_manager.py:39 [StrategyManager] Logging to data/strategy_signals.jsonl
INFO     root:strategy_manager.py:39 [StrategyManager] Logging to data/strategy_signals.jsonl
DEBUG    openai._base_client:_base_client.py:482 Request options: {'method': 'post', 'url': '/chat/completions', 'files': None, 'idempotency_key': 'stainless-python-retry-c1e0f62a-369e-4bd2-8b59-cb630a81111c', 'json_data': {'messages': [{'role': 'user', 'content': 'Given the headline: "Bitcoin is rising" and the crypto symbol BTC/USD, determine the most appropriate trading signal from the options: BUY, HOLD, or SELL. Also explain briefly why. Your output should be a JSON object like: {"signal": "BUY", "reason": "High interest and positive news."}'}], 'model': 'gpt-4o-mini', 'max_tokens': 100, 'temperature': 0.2}}
DEBUG    openai._base_client:_base_client.py:978 Sending HTTP Request: POST https://api.openai.com/v1/chat/completions
DEBUG    httpcore.connection:_trace.py:47 connect_tcp.started host='api.openai.com' port=443 local_address=None timeout=5.0 socket_options=None
DEBUG    httpcore.connection:_trace.py:47 connect_tcp.complete return_value=<httpcore._backends.sync.SyncStream object at 0x77f7bad37890>
DEBUG    httpcore.connection:_trace.py:47 start_tls.started ssl_context=<ssl.SSLContext object at 0x77f7bad95c50> server_hostname='api.openai.com' timeout=5.0
DEBUG    httpcore.connection:_trace.py:47 start_tls.complete return_value=<httpcore._backends.sync.SyncStream object at 0x77f7bad37d40>
DEBUG    httpcore.http11:_trace.py:47 send_request_headers.started request=<Request [b'POST']>
DEBUG    httpcore.http11:_trace.py:47 send_request_headers.complete
DEBUG    httpcore.http11:_trace.py:47 send_request_body.started request=<Request [b'POST']>
DEBUG    httpcore.http11:_trace.py:47 send_request_body.complete
DEBUG    httpcore.http11:_trace.py:47 receive_response_headers.started request=<Request [b'POST']>
DEBUG    httpcore.http11:_trace.py:47 receive_response_headers.complete return_value=(b'HTTP/1.1', 200, b'OK', [(b'Date', b'Tue, 21 Oct 2025 15:48:57 GMT'), (b'Content-Type', b'application/json'), (b'Transfer-Encoding', b'chunked'), (b'Connection', b'keep-alive'), (b'access-control-expose-headers', b'X-Request-ID'), (b'openai-organization', b'user-6mwxkngxge9likbrzlxbfa92'), (b'openai-processing-ms', b'577'), (b'openai-project', b'proj_3jfjrR4jauJSvtuUZKgvj2Vp'), (b'openai-version', b'2020-10-01'), (b'x-envoy-upstream-service-time', b'592'), (b'x-ratelimit-limit-requests', b'10000'), (b'x-ratelimit-limit-tokens', b'200000'), (b'x-ratelimit-remaining-requests', b'9989'), (b'x-ratelimit-remaining-tokens', b'199926'), (b'x-ratelimit-reset-requests', b'1m32.288s'), (b'x-ratelimit-reset-tokens', b'22ms'), (b'x-request-id', b'req_4cc41fcb2c7a415e96090ede170e71f3'), (b'x-openai-proxy-wasm', b'v0.1'), (b'cf-cache-status', b'DYNAMIC'), (b'Set-Cookie', b'__cf_bm=kfpr0bzSzoUm4Hwx3uYOUUjs8rSYegzaqkQxl57g7_U-1761061737-1.0.1.1-_kSYIPXMSJ00OQHDIqZRkY2CC7J8_PBJJyXxdHjlO0RdbA84lhW.e35cFpeHg03luUCuCOejR1IM3Y02teRtSIhpV65rWGxLae9DJNgpGEE; path=/; expires=Tue, 21-Oct-25 16:18:57 GMT; domain=.api.openai.com; HttpOnly; Secure; SameSite=None'), (b'Strict-Transport-Security', b'max-age=31536000; includeSubDomains; preload'), (b'X-Content-Type-Options', b'nosniff'), (b'Set-Cookie', b'_cfuvid=fTXyNvQQNIfzmApY5b7WH7b8XpVa5FXKaHVmhakzRBY-1761061737605-0.0.1.1-604800000; path=/; domain=.api.openai.com; HttpOnly; Secure; SameSite=None'), (b'Server', b'cloudflare'), (b'CF-RAY', b'9921e6f00f87eb33-DFW'), (b'Content-Encoding', b'gzip'), (b'alt-svc', b'h3=":443"; ma=86400')])
INFO     httpx:_client.py:1025 HTTP Request: POST https://api.openai.com/v1/chat/completions "HTTP/1.1 200 OK"
DEBUG    httpcore.http11:_trace.py:47 receive_response_body.started request=<Request [b'POST']>
DEBUG    httpcore.http11:_trace.py:47 receive_response_body.complete
DEBUG    httpcore.http11:_trace.py:47 response_closed.started
DEBUG    httpcore.http11:_trace.py:47 response_closed.complete
DEBUG    openai._base_client:_base_client.py:1016 HTTP Response: POST https://api.openai.com/v1/chat/completions "200 OK" Headers([('date', 'Tue, 21 Oct 2025 15:48:57 GMT'), ('content-type', 'application/json'), ('transfer-encoding', 'chunked'), ('connection', 'keep-alive'), ('access-control-expose-headers', 'X-Request-ID'), ('openai-organization', 'user-6mwxkngxge9likbrzlxbfa92'), ('openai-processing-ms', '577'), ('openai-project', 'proj_3jfjrR4jauJSvtuUZKgvj2Vp'), ('openai-version', '2020-10-01'), ('x-envoy-upstream-service-time', '592'), ('x-ratelimit-limit-requests', '10000'), ('x-ratelimit-limit-tokens', '200000'), ('x-ratelimit-remaining-requests', '9989'), ('x-ratelimit-remaining-tokens', '199926'), ('x-ratelimit-reset-requests', '1m32.288s'), ('x-ratelimit-reset-tokens', '22ms'), ('x-request-id', 'req_4cc41fcb2c7a415e96090ede170e71f3'), ('x-openai-proxy-wasm', 'v0.1'), ('cf-cache-status', 'DYNAMIC'), ('set-cookie', '__cf_bm=kfpr0bzSzoUm4Hwx3uYOUUjs8rSYegzaqkQxl57g7_U-1761061737-1.0.1.1-_kSYIPXMSJ00OQHDIqZRkY2CC7J8_PBJJyXxdHjlO0RdbA84lhW.e35cFpeHg03luUCuCOejR1IM3Y02teRtSIhpV65rWGxLae9DJNgpGEE; path=/; expires=Tue, 21-Oct-25 16:18:57 GMT; domain=.api.openai.com; HttpOnly; Secure; SameSite=None'), ('strict-transport-security', 'max-age=31536000; includeSubDomains; preload'), ('x-content-type-options', 'nosniff'), ('set-cookie', '_cfuvid=fTXyNvQQNIfzmApY5b7WH7b8XpVa5FXKaHVmhakzRBY-1761061737605-0.0.1.1-604800000; path=/; domain=.api.openai.com; HttpOnly; Secure; SameSite=None'), ('server', 'cloudflare'), ('cf-ray', '9921e6f00f87eb33-DFW'), ('content-encoding', 'gzip'), ('alt-svc', 'h3=":443"; ma=86400')])
DEBUG    openai._base_client:_base_client.py:1024 request_id: req_4cc41fcb2c7a415e96090ede170e71f3
INFO     root:strategy_manager.py:133 [sentiment] BTC/USD: BUY (conf: 0.60) - Sentiment: The headline indicates a positive trend in Bitcoin's price, suggesting potential for profit.
INFO     root:strategy_manager.py:133 [technical] BTC/USD: SELL (conf: 0.47) - Technical: SMA: HOLD, RSI: SELL, Momentum: SELL
INFO     root:strategy_manager.py:133 [volume] BTC/USD: BUY (conf: 0.20) - Volume: Normal volume | No clear volume-price pattern | OBV rising (accumulation)
INFO     root:strategy_manager.py:245 [StrategyManager] DEBUG: signal=BUY, actionable_weight=2.8, hold_weight=0, raw_score=0.76
INFO     root:strategy_manager.py:163 [StrategyManager] Final signal for BTC/USD: BUY (conf: 0.27)
INFO     root:strategy_manager.py:200 [StrategyManager] Confidence 0.27 below threshold 0.5, converting to HOLD
INFO     root:strategy_manager.py:39 [StrategyManager] Logging to data/strategy_signals.jsonl
DEBUG    openai._base_client:_base_client.py:482 Request options: {'method': 'post', 'url': '/chat/completions', 'files': None, 'idempotency_key': 'stainless-python-retry-7f351758-5da2-4bd1-b711-f64d89a16d5e', 'json_data': {'messages': [{'role': 'user', 'content': 'Given the headline: "Test" and the crypto symbol BTC/USD, determine the most appropriate trading signal from the options: BUY, HOLD, or SELL. Also explain briefly why. Your output should be a JSON object like: {"signal": "BUY", "reason": "High interest and positive news."}'}], 'model': 'gpt-4o-mini', 'max_tokens': 100, 'temperature': 0.2}}
DEBUG    openai._base_client:_base_client.py:978 Sending HTTP Request: POST https://api.openai.com/v1/chat/completions
DEBUG    httpcore.connection:_trace.py:47 connect_tcp.started host='api.openai.com' port=443 local_address=None timeout=5.0 socket_options=None
DEBUG    httpcore.connection:_trace.py:47 connect_tcp.complete return_value=<httpcore._backends.sync.SyncStream object at 0x77f7bad72a80>
DEBUG    httpcore.connection:_trace.py:47 start_tls.started ssl_context=<ssl.SSLContext object at 0x77f7bcb932d0> server_hostname='api.openai.com' timeout=5.0
DEBUG    httpcore.connection:_trace.py:47 start_tls.complete return_value=<httpcore._backends.sync.SyncStream object at 0x77f7bad73080>
DEBUG    httpcore.http11:_trace.py:47 send_request_headers.started request=<Request [b'POST']>
DEBUG    httpcore.http11:_trace.py:47 send_request_headers.complete
DEBUG    httpcore.http11:_trace.py:47 send_request_body.started request=<Request [b'POST']>
DEBUG    httpcore.http11:_trace.py:47 send_request_body.complete
DEBUG    httpcore.http11:_trace.py:47 receive_response_headers.started request=<Request [b'POST']>
DEBUG    httpcore.http11:_trace.py:47 receive_response_headers.complete return_value=(b'HTTP/1.1', 200, b'OK', [(b'Date', b'Tue, 21 Oct 2025 15:48:58 GMT'), (b'Content-Type', b'application/json'), (b'Transfer-Encoding', b'chunked'), (b'Connection', b'keep-alive'), (b'access-control-expose-headers', b'X-Request-ID'), (b'openai-organization', b'user-6mwxkngxge9likbrzlxbfa92'), (b'openai-processing-ms', b'600'), (b'openai-project', b'proj_3jfjrR4jauJSvtuUZKgvj2Vp'), (b'openai-version', b'2020-10-01'), (b'x-envoy-upstream-service-time', b'759'), (b'x-ratelimit-limit-requests', b'10000'), (b'x-ratelimit-limit-tokens', b'200000'), (b'x-ratelimit-remaining-requests', b'9989'), (b'x-ratelimit-remaining-tokens', b'199929'), (b'x-ratelimit-reset-requests', b'1m31.297s'), (b'x-ratelimit-reset-tokens', b'21ms'), (b'x-request-id', b'req_f9bf284a8b8049c5acc9ebfbfd4e16f0'), (b'x-openai-proxy-wasm', b'v0.1'), (b'cf-cache-status', b'DYNAMIC'), (b'Set-Cookie', b'__cf_bm=_gYhI10NOcxRV1Gq_.86DASVRTzspA9PbKGibOFfyWw-1761061738-1.0.1.1-a1bCElV.RuEJ7S3QNuEmDQzJFjf3ms7K.DucZafLVAwtqTXgLnZeuOpc5sy.eNs4TBc6zYd2Vm3mjubprtp8ruIoSMIsPvtDXE5oyWZjo3I; path=/; expires=Tue, 21-Oct-25 16:18:58 GMT; domain=.api.openai.com; HttpOnly; Secure; SameSite=None'), (b'Strict-Transport-Security', b'max-age=31536000; includeSubDomains; preload'), (b'X-Content-Type-Options', b'nosniff'), (b'Set-Cookie', b'_cfuvid=yZM9OHvRkio3W_0BuFrWccmpPEaRtMlRaSOYSBFxZPE-1761061738643-0.0.1.1-604800000; path=/; domain=.api.openai.com; HttpOnly; Secure; SameSite=None'), (b'Server', b'cloudflare'), (b'CF-RAY', b'9921e6f54e156d82-DFW'), (b'Content-Encoding', b'gzip'), (b'alt-svc', b'h3=":443"; ma=86400')])
INFO     httpx:_client.py:1025 HTTP Request: POST https://api.openai.com/v1/chat/completions "HTTP/1.1 200 OK"
DEBUG    httpcore.connection:_trace.py:47 close.started
DEBUG    httpcore.connection:_trace.py:47 close.complete
DEBUG    httpcore.connection:_trace.py:47 close.started
DEBUG    httpcore.connection:_trace.py:47 close.complete
DEBUG    httpcore.connection:_trace.py:47 close.started
DEBUG    httpcore.connection:_trace.py:47 close.complete
DEBUG    httpcore.http11:_trace.py:47 receive_response_body.started request=<Request [b'POST']>
DEBUG    httpcore.http11:_trace.py:47 receive_response_body.complete
DEBUG    httpcore.http11:_trace.py:47 response_closed.started
DEBUG    httpcore.http11:_trace.py:47 response_closed.complete
DEBUG    openai._base_client:_base_client.py:1016 HTTP Response: POST https://api.openai.com/v1/chat/completions "200 OK" Headers([('date', 'Tue, 21 Oct 2025 15:48:58 GMT'), ('content-type', 'application/json'), ('transfer-encoding', 'chunked'), ('connection', 'keep-alive'), ('access-control-expose-headers', 'X-Request-ID'), ('openai-organization', 'user-6mwxkngxge9likbrzlxbfa92'), ('openai-processing-ms', '600'), ('openai-project', 'proj_3jfjrR4jauJSvtuUZKgvj2Vp'), ('openai-version', '2020-10-01'), ('x-envoy-upstream-service-time', '759'), ('x-ratelimit-limit-requests', '10000'), ('x-ratelimit-limit-tokens', '200000'), ('x-ratelimit-remaining-requests', '9989'), ('x-ratelimit-remaining-tokens', '199929'), ('x-ratelimit-reset-requests', '1m31.297s'), ('x-ratelimit-reset-tokens', '21ms'), ('x-request-id', 'req_f9bf284a8b8049c5acc9ebfbfd4e16f0'), ('x-openai-proxy-wasm', 'v0.1'), ('cf-cache-status', 'DYNAMIC'), ('set-cookie', '__cf_bm=_gYhI10NOcxRV1Gq_.86DASVRTzspA9PbKGibOFfyWw-1761061738-1.0.1.1-a1bCElV.RuEJ7S3QNuEmDQzJFjf3ms7K.DucZafLVAwtqTXgLnZeuOpc5sy.eNs4TBc6zYd2Vm3mjubprtp8ruIoSMIsPvtDXE5oyWZjo3I; path=/; expires=Tue, 21-Oct-25 16:18:58 GMT; domain=.api.openai.com; HttpOnly; Secure; SameSite=None'), ('strict-transport-security', 'max-age=31536000; includeSubDomains; preload'), ('x-content-type-options', 'nosniff'), ('set-cookie', '_cfuvid=yZM9OHvRkio3W_0BuFrWccmpPEaRtMlRaSOYSBFxZPE-1761061738643-0.0.1.1-604800000; path=/; domain=.api.openai.com; HttpOnly; Secure; SameSite=None'), ('server', 'cloudflare'), ('cf-ray', '9921e6f54e156d82-DFW'), ('content-encoding', 'gzip'), ('alt-svc', 'h3=":443"; ma=86400')])
DEBUG    openai._base_client:_base_client.py:1024 request_id: req_f9bf284a8b8049c5acc9ebfbfd4e16f0
INFO     root:strategy_manager.py:133 [sentiment] BTC/USD: HOLD (conf: 0.30) - Sentiment: Market conditions are uncertain and no significant news suggests a clear direction.
INFO     root:strategy_manager.py:133 [technical] BTC/USD: SELL (conf: 0.27) - Technical: SMA: HOLD, RSI: SELL, Momentum: HOLD
INFO     root:strategy_manager.py:133 [volume] BTC/USD: HOLD (conf: 0.30) - Volume: Normal volume | No clear volume-price pattern | OBV neutral
INFO     root:strategy_manager.py:245 [StrategyManager] DEBUG: signal=HOLD, actionable_weight=1.0, hold_weight=1.8, raw_score=0.54
INFO     root:strategy_manager.py:163 [StrategyManager] Final signal for BTC/USD: HOLD (conf: 0.19)
INFO     root:strategy_manager.py:200 [StrategyManager] Confidence 0.19 below threshold 0.5, converting to HOLD
DEBUG    httpcore.connection:_trace.py:47 close.started
DEBUG    httpcore.connection:_trace.py:47 close.complete
DEBUG    httpcore.connection:_trace.py:47 close.started
DEBUG    httpcore.connection:_trace.py:47 close.complete
DEBUG    httpcore.connection:_trace.py:47 close.started
DEBUG    httpcore.connection:_trace.py:47 close.complete
